
Files:
  I2C_func.o:  symbols only
  LEV_Sect11_IO_Interrupts.o:  InOutInterrupt aa0(3a2) hex
  LEV_Sect4_Code_Conversion.o:  CodeConversion 2a0(27d) hex
  LEV_Sect8_String_Manipulation.o:  Strings 520(577) hex
  XMODEM_CRC_SUB.o:  symbols only
  Z80_EEP_.o:  FLASH_Startup 0(3b), INT_IM1 66(c), INIT_BODY 80(a3) hex
  Z80_PLD_FLash_support.o:  symbols only
  Z80_PLD_PCB_.o:  SD_USB_Start 140(148) hex
  Z80_USB_TXRX.o:  CH376S_Support e60(615) hex


Section mapping (numbers in hex):
------------------------------
  00000000 FLASH_block  (size 1475)
           00000000 - 0000003b Z80_EEP_.o(FLASH_Startup)
           00000066 - 00000072 Z80_EEP_.o(INT_IM1)
           00000080 - 00000123 Z80_EEP_.o(INIT_BODY)
           00000140 - 00000288 Z80_PLD_PCB_.o(SD_USB_Start)
           000002a0 - 0000051d LEV_Sect4_Code_Conversion.o(CodeConversion)
           00000520 - 00000a97 LEV_Sect8_String_Manipulation.o(Strings)
           00000aa0 - 00000e42 LEV_Sect11_IO_Interrupts.o(InOutInterrupt)
           00000e60 - 00001475 Z80_USB_TXRX.o(CH376S_Support)


Symbols of FLASH_block:
  0x0000 EPS1: local reloc, size 0
  0x0000 _Timer: local abs, size 0
  0x0000 _Tx_5bits_char: local abs, size 0
  0x0000 _Rx_INT_Disable: local abs, size 0
  0x0000 WR0: local abs, size 0
  0x0000 _RX_5_bits: local abs, size 0
  0x0000 _X1_Clock_mode: local abs, size 0
  0x0000 _Rx_Disable: local abs, size 0
  0x0000 NUL: local abs, size 0
  0x0000 DOALIGN: local abs, size 0
  0x0000 _Timer: local abs, size 0
  0x0000 _Tx_5bits_char: local abs, size 0
  0x0000 _Rx_INT_Disable: local abs, size 0
  0x0000 WR0: local abs, size 0
  0x0000 _RX_5_bits: local abs, size 0
  0x0000 _X1_Clock_mode: local abs, size 0
  0x0000 _Rx_Disable: local abs, size 0
  0x0000 NUL: local abs, size 0
  0x0000 DOALIGN: local abs, size 0
  0x0000 _Timer: local abs, size 0
  0x0000 _Tx_5bits_char: local abs, size 0
  0x0000 _Rx_INT_Disable: local abs, size 0
  0x0000 WR0: local abs, size 0
  0x0000 _RX_5_bits: local abs, size 0
  0x0000 _X1_Clock_mode: local abs, size 0
  0x0000 _Rx_Disable: local abs, size 0
  0x0000 NUL: local abs, size 0
  0x0000 DOALIGN: local abs, size 0
  0x0000 _Timer: local abs, size 0
  0x0000 _Tx_5bits_char: local abs, size 0
  0x0000 _Rx_INT_Disable: local abs, size 0
  0x0000 WR0: local abs, size 0
  0x0000 _RX_5_bits: local abs, size 0
  0x0000 _X1_Clock_mode: local abs, size 0
  0x0000 _Rx_Disable: local abs, size 0
  0x0000 NUL: local abs, size 0
  0x0000 DOALIGN: local abs, size 0
  0x0000 _Timer: local abs, size 0
  0x0000 _Tx_5bits_char: local abs, size 0
  0x0000 _Rx_INT_Disable: local abs, size 0
  0x0000 WR0: local abs, size 0
  0x0000 _RX_5_bits: local abs, size 0
  0x0000 _X1_Clock_mode: local abs, size 0
  0x0000 _Rx_Disable: local abs, size 0
  0x0000 NUL: local abs, size 0
  0x0000 DOALIGN: local abs, size 0
  0x0001 BOOTLOAD: local abs, size 0
  0x0001 _Rx_Enable: local abs, size 0
  0x0001 _CW: local abs, size 0
  0x0001 WR1: local abs, size 0
  0x0001 SOH: local abs, size 0
  0x0001 _Parity_EN: local abs, size 0
  0x0001 _Ext_INT_EN: local abs, size 0
  0x0001 BOOTLOAD: local abs, size 0
  0x0001 _Rx_Enable: local abs, size 0
  0x0001 _CW: local abs, size 0
  0x0001 WR1: local abs, size 0
  0x0001 SOH: local abs, size 0
  0x0001 _Parity_EN: local abs, size 0
  0x0001 _Ext_INT_EN: local abs, size 0
  0x0001 BOOTLOAD: local abs, size 0
  0x0001 _Rx_Enable: local abs, size 0
  0x0001 _CW: local abs, size 0
  0x0001 WR1: local abs, size 0
  0x0001 SOH: local abs, size 0
  0x0001 _Parity_EN: local abs, size 0
  0x0001 _Ext_INT_EN: local abs, size 0
  0x0001 BOOTLOAD: local abs, size 0
  0x0001 _Rx_Enable: local abs, size 0
  0x0001 _CW: local abs, size 0
  0x0001 WR1: local abs, size 0
  0x0001 SOH: local abs, size 0
  0x0001 _Parity_EN: local abs, size 0
  0x0001 _Ext_INT_EN: local abs, size 0
  0x0001 BOOTLOAD: local abs, size 0
  0x0001 _Rx_Enable: local abs, size 0
  0x0001 _CW: local abs, size 0
  0x0001 WR1: local abs, size 0
  0x0001 USB_TEXT_LABLES: local abs, size 0
  0x0001 SOH: local abs, size 0
  0x0001 _Parity_EN: local abs, size 0
  0x0001 _Ext_INT_EN: local abs, size 0
  0x0002 _Reset: local abs, size 0
  0x0002 EOT_FOUND: local abs, size 0
  0x0002 WR2: local abs, size 0
  0x0002 _RTS_Enable: local abs, size 0
  0x0002 STX: local abs, size 0
  0x0002 _Parity_Even: local abs, size 0
  0x0002 _Tx_INT_EN: local abs, size 0
  0x0002 _Reset: local abs, size 0
  0x0002 EOT_FOUND: local abs, size 0
  0x0002 WR2: local abs, size 0
  0x0002 _RTS_Enable: local abs, size 0
  0x0002 STX: local abs, size 0
  0x0002 _Parity_Even: local abs, size 0
  0x0002 _Tx_INT_EN: local abs, size 0
  0x0002 _Reset: local abs, size 0
  0x0002 EOT_FOUND: local abs, size 0
  0x0002 WR2: local abs, size 0
  0x0002 _RTS_Enable: local abs, size 0
  0x0002 STX: local abs, size 0
  0x0002 _Parity_Even: local abs, size 0
  0x0002 _Tx_INT_EN: local abs, size 0
  0x0002 _Reset: local abs, size 0
  0x0002 EOT_FOUND: local abs, size 0
  0x0002 WR2: local abs, size 0
  0x0002 _RTS_Enable: local abs, size 0
  0x0002 STX: local abs, size 0
  0x0002 _Parity_Even: local abs, size 0
  0x0002 _Tx_INT_EN: local abs, size 0
  0x0002 _Reset: local abs, size 0
  0x0002 EOT_FOUND: local abs, size 0
  0x0002 WR2: local abs, size 0
  0x0002 _RTS_Enable: local abs, size 0
  0x0002 STX: local abs, size 0
  0x0002 _Parity_Even: local abs, size 0
  0x0002 _Tx_INT_EN: local abs, size 0
  0x0003 WR3: local abs, size 0
  0x0003 ETX: local abs, size 0
  0x0003 WR3: local abs, size 0
  0x0003 ETX: local abs, size 0
  0x0003 WR3: local abs, size 0
  0x0003 ETX: local abs, size 0
  0x0003 WR3: local abs, size 0
  0x0003 ETX: local abs, size 0
  0x0003 WR3: local abs, size 0
  0x0003 ETX: local abs, size 0
  0x0004 EOT: local abs, size 0
  0x0004 _Stop_1_bit: local abs, size 0
  0x0004 _Status_Vector: local abs, size 0
  0x0004 WR4: local abs, size 0
  0x0004 _TC_Follow: local abs, size 0
  0x0004 EOT: local abs, size 0
  0x0004 _Stop_1_bit: local abs, size 0
  0x0004 _Status_Vector: local abs, size 0
  0x0004 WR4: local abs, size 0
  0x0004 _TC_Follow: local abs, size 0
  0x0004 EOT: local abs, size 0
  0x0004 _Stop_1_bit: local abs, size 0
  0x0004 _Status_Vector: local abs, size 0
  0x0004 WR4: local abs, size 0
  0x0004 _TC_Follow: local abs, size 0
  0x0004 EOT: local abs, size 0
  0x0004 _Stop_1_bit: local abs, size 0
  0x0004 _Status_Vector: local abs, size 0
  0x0004 WR4: local abs, size 0
  0x0004 _TC_Follow: local abs, size 0
  0x0004 EOT: local abs, size 0
  0x0004 _Stop_1_bit: local abs, size 0
  0x0004 _Status_Vector: local abs, size 0
  0x0004 WR4: local abs, size 0
  0x0004 _TC_Follow: local abs, size 0
  0x0005 ENQ: local abs, size 0
  0x0005 WR5: local abs, size 0
  0x0005 ENQ: local abs, size 0
  0x0005 WR5: local abs, size 0
  0x0005 ENQ: local abs, size 0
  0x0005 WR5: local abs, size 0
  0x0005 ENQ: local abs, size 0
  0x0005 WR5: local abs, size 0
  0x0005 ENQ: local abs, size 0
  0x0005 WR5: local abs, size 0
  0x0006 ACK: local abs, size 0
  0x0006 ACK: local abs, size 0
  0x0006 ACK: local abs, size 0
  0x0006 ACK: local abs, size 0
  0x0006 ACK: local abs, size 0
  0x0007 BEL: local abs, size 0
  0x0007 BEL: local abs, size 0
  0x0007 BEL: local abs, size 0
  0x0007 BEL: local abs, size 0
  0x0007 BEL: local abs, size 0
  0x0008 _CLK_TRG_Start: local abs, size 0
  0x0008 _Stop_1_2_bit: local abs, size 0
  0x0008 _Tx_Enable: local abs, size 0
  0x0008 _err01_: local abs, size 0
  0x0008 _Rx_INT_First_Char: local abs, size 0
  0x0008 BS: local abs, size 0
  0x0008 _CLK_TRG_Start: local abs, size 0
  0x0008 _Stop_1_2_bit: local abs, size 0
  0x0008 _Tx_Enable: local abs, size 0
  0x0008 _err01_: local abs, size 0
  0x0008 _Rx_INT_First_Char: local abs, size 0
  0x0008 BS: local abs, size 0
  0x0008 _CLK_TRG_Start: local abs, size 0
  0x0008 _Stop_1_2_bit: local abs, size 0
  0x0008 _Tx_Enable: local abs, size 0
  0x0008 _err01_: local abs, size 0
  0x0008 _Rx_INT_First_Char: local abs, size 0
  0x0008 BS: local abs, size 0
  0x0008 _CLK_TRG_Start: local abs, size 0
  0x0008 _Stop_1_2_bit: local abs, size 0
  0x0008 _Tx_Enable: local abs, size 0
  0x0008 _err01_: local abs, size 0
  0x0008 _Rx_INT_First_Char: local abs, size 0
  0x0008 BS: local abs, size 0
  0x0008 _CLK_TRG_Start: local abs, size 0
  0x0008 _Stop_1_2_bit: local abs, size 0
  0x0008 _Tx_Enable: local abs, size 0
  0x0008 _err01_: local abs, size 0
  0x0008 _Rx_INT_First_Char: local abs, size 0
  0x0008 BS: local abs, size 0
  0x0009 HT: local abs, size 0
  0x0009 _err02_: local abs, size 0
  0x0009 HT: local abs, size 0
  0x0009 _err02_: local abs, size 0
  0x0009 HT: local abs, size 0
  0x0009 _err02_: local abs, size 0
  0x0009 HT: local abs, size 0
  0x0009 _err02_: local abs, size 0
  0x0009 HT: local abs, size 0
  0x0009 _err02_: local abs, size 0
  0x000a LFChar: local abs, size 0
  0x000a LF: local abs, size 0
  0x000a CTCpulse: local abs, size 0
  0x000a LFChar: local abs, size 0
  0x000a LF: local abs, size 0
  0x000a CTCpulse: local abs, size 0
  0x000a LFChar: local abs, size 0
  0x000a LF: local abs, size 0
  0x000a CTCpulse: local abs, size 0
  0x000a LFChar: local abs, size 0
  0x000a LF: local abs, size 0
  0x000a CTCpulse: local abs, size 0
  0x000a LFChar: local abs, size 0
  0x000a LF: local abs, size 0
  0x000a CTCpulse: local abs, size 0
  0x000b CTCtimeout: local abs, size 0
  0x000b VT: local abs, size 0
  0x000b CTCtimeout: local abs, size 0
  0x000b VT: local abs, size 0
  0x000b CTCtimeout: local abs, size 0
  0x000b VT: local abs, size 0
  0x000b CTCtimeout: local abs, size 0
  0x000b VT: local abs, size 0
  0x000b CTCtimeout: local abs, size 0
  0x000b VT: local abs, size 0
  0x000c _Stop_2_bit: local abs, size 0
  0x000c FF: local abs, size 0
  0x000c _err03_: local abs, size 0
  0x000c _Stop_2_bit: local abs, size 0
  0x000c FF: local abs, size 0
  0x000c _err03_: local abs, size 0
  0x000c _Stop_2_bit: local abs, size 0
  0x000c FF: local abs, size 0
  0x000c _err03_: local abs, size 0
  0x000c _Stop_2_bit: local abs, size 0
  0x000c FF: local abs, size 0
  0x000c _err03_: local abs, size 0
  0x000c _Stop_2_bit: local abs, size 0
  0x000c FF: local abs, size 0
  0x000c _err03_: local abs, size 0
  0x000d CR: local abs, size 0
  0x000d CRChar: local abs, size 0
  0x000d _err04_: local abs, size 0
  0x000d CR: local abs, size 0
  0x000d CRChar: local abs, size 0
  0x000d _err04_: local abs, size 0
  0x000d CR: local abs, size 0
  0x000d CRChar: local abs, size 0
  0x000d src_size: global abs, size 0
  0x000d _err04_: local abs, size 0
  0x000d CR: local abs, size 0
  0x000d CRChar: local abs, size 0
  0x000d _err04_: local abs, size 0
  0x000d CR: local abs, size 0
  0x000d CRChar: local abs, size 0
  0x000d _err04_: local abs, size 0
  0x000e _err05_: local abs, size 0
  0x000e SO: local abs, size 0
  0x000e _err05_: local abs, size 0
  0x000e SO: local abs, size 0
  0x000e _err05_: local abs, size 0
  0x000e SO: local abs, size 0
  0x000e _err05_: local abs, size 0
  0x000e SO: local abs, size 0
  0x000e _err05_: local abs, size 0
  0x000e SO: local abs, size 0
  0x000f SI: local abs, size 0
  0x000f SI: local abs, size 0
  0x000f SI: local abs, size 0
  0x000f SI: local abs, size 0
  0x000f SI: local abs, size 0
  0x0010 DLE: local abs, size 0
  0x0010 _Rising: local abs, size 0
  0x0010 _INT_All_Rx_Char_P: local abs, size 0
  0x0010 _Reset_STAT_INT: local abs, size 0
  0x0010 _Send_Break: local abs, size 0
  0x0010 DLE: local abs, size 0
  0x0010 _Rising: local abs, size 0
  0x0010 _INT_All_Rx_Char_P: local abs, size 0
  0x0010 _Reset_STAT_INT: local abs, size 0
  0x0010 _Send_Break: local abs, size 0
  0x0010 DLE: local abs, size 0
  0x0010 _Rising: local abs, size 0
  0x0010 _INT_All_Rx_Char_P: local abs, size 0
  0x0010 _Reset_STAT_INT: local abs, size 0
  0x0010 _Send_Break: local abs, size 0
  0x0010 DLE: local abs, size 0
  0x0010 _Rising: local abs, size 0
  0x0010 _INT_All_Rx_Char_P: local abs, size 0
  0x0010 _Reset_STAT_INT: local abs, size 0
  0x0010 _Send_Break: local abs, size 0
  0x0010 DLE: local abs, size 0
  0x0010 _Rising: local abs, size 0
  0x0010 _INT_All_Rx_Char_P: local abs, size 0
  0x0010 _Reset_STAT_INT: local abs, size 0
  0x0010 _Send_Break: local abs, size 0
  0x0011 DC1: local abs, size 0
  0x0011 DC1: local abs, size 0
  0x0011 DC1: local abs, size 0
  0x0011 DC1: local abs, size 0
  0x0011 DC1: local abs, size 0
  0x0012 DC2: local abs, size 0
  0x0012 DC2: local abs, size 0
  0x0012 DC2: local abs, size 0
  0x0012 DC2: local abs, size 0
  0x0012 DC2: local abs, size 0
  0x0013 DC3: local abs, size 0
  0x0013 DC3: local abs, size 0
  0x0013 DC3: local abs, size 0
  0x0013 DC3: local abs, size 0
  0x0013 DC3: local abs, size 0
  0x0014 DC4: local abs, size 0
  0x0014 DC4: local abs, size 0
  0x0014 DC4: local abs, size 0
  0x0014 DC4: local abs, size 0
  0x0014 DC4: local abs, size 0
  0x0014 USB_INT_SUCCESS: local abs, size 0
  0x0015 NAK: local abs, size 0
  0x0015 NAK: local abs, size 0
  0x0015 NAK: local abs, size 0
  0x0015 NAK: local abs, size 0
  0x0015 USB_INT_CONNECT: local abs, size 0
  0x0015 NAK: local abs, size 0
  0x0016 SYN: local abs, size 0
  0x0016 SYN: local abs, size 0
  0x0016 SYN: local abs, size 0
  0x0016 SYN: local abs, size 0
  0x0016 USB_INT_DISCONNECT: local abs, size 0
  0x0016 SYN: local abs, size 0
  0x0017 ETB: local abs, size 0
  0x0017 ETB: local abs, size 0
  0x0017 ETB: local abs, size 0
  0x0017 ETB: local abs, size 0
  0x0017 ETB: local abs, size 0
  0x0017 USB_INT_BUF_OVER: local abs, size 0
  0x0018 _Int_All_Rx_Char_NP: local abs, size 0
  0x0018 _Ch_Reset: local abs, size 0
  0x0018 CAN: local abs, size 0
  0x0018 _Int_All_Rx_Char_NP: local abs, size 0
  0x0018 _Ch_Reset: local abs, size 0
  0x0018 CAN: local abs, size 0
  0x0018 _Int_All_Rx_Char_NP: local abs, size 0
  0x0018 _Ch_Reset: local abs, size 0
  0x0018 CAN: local abs, size 0
  0x0018 _Int_All_Rx_Char_NP: local abs, size 0
  0x0018 _Ch_Reset: local abs, size 0
  0x0018 CAN: local abs, size 0
  0x0018 _Int_All_Rx_Char_NP: local abs, size 0
  0x0018 _Ch_Reset: local abs, size 0
  0x0018 USB_INT_USB_READY: local abs, size 0
  0x0018 CAN: local abs, size 0
  0x0019 EM: local abs, size 0
  0x0019 EM: local abs, size 0
  0x0019 EM: local abs, size 0
  0x0019 EM: local abs, size 0
  0x0019 EM: local abs, size 0
  0x001a SUB: local abs, size 0
  0x001a SUB: local abs, size 0
  0x001a SUB: local abs, size 0
  0x001a SUB: local abs, size 0
  0x001a SUB: local abs, size 0
  0x001b EscChar: local abs, size 0
  0x001b ESC: local abs, size 0
  0x001b EscChar: local abs, size 0
  0x001b ESC: local abs, size 0
  0x001b EscChar: local abs, size 0
  0x001b ESC: local abs, size 0
  0x001b EscChar: local abs, size 0
  0x001b ESC: local abs, size 0
  0x001b EscChar: local abs, size 0
  0x001b ESC: local abs, size 0
  0x001c FS: local abs, size 0
  0x001c ITEM: local abs, size 0
  0x001c FS: local abs, size 0
  0x001c ITEM: local abs, size 0
  0x001c FS: local abs, size 0
  0x001c ITEM: local abs, size 0
  0x001c FS: local abs, size 0
  0x001c ITEM: local abs, size 0
  0x001c FS: local abs, size 0
  0x001c ITEM: local abs, size 0
  0x001d GS: local abs, size 0
  0x001d STEND: local abs, size 0
  0x001d GS: local abs, size 0
  0x001d STEND: local abs, size 0
  0x001d GS: local abs, size 0
  0x001d STEND: local abs, size 0
  0x001d GS: local abs, size 0
  0x001d STEND: local abs, size 0
  0x001d GS: local abs, size 0
  0x001d USB_INT_DISK_READ: local abs, size 0
  0x001d STEND: local abs, size 0
  0x001e RS: local abs, size 0
  0x001e LISTEND: local abs, size 0
  0x001e RS: local abs, size 0
  0x001e LISTEND: local abs, size 0
  0x001e RS: local abs, size 0
  0x001e LISTEND: local abs, size 0
  0x001e RS: local abs, size 0
  0x001e LISTEND: local abs, size 0
  0x001e USB_INT_DISK_WRITE: local abs, size 0
  0x001e RS: local abs, size 0
  0x001e LISTEND: local abs, size 0
  0x001f US: local abs, size 0
  0x001f US: local abs, size 0
  0x001f US: local abs, size 0
  0x001f US: local abs, size 0
  0x001f US: local abs, size 0
  0x001f USB_INT_DISK_ERR: local abs, size 0
  0x0020 SP: local abs, size 0
  0x0020 _Prescaler: local abs, size 0
  0x0020 _Tx_7bits_char: local abs, size 0
  0x0020 _EN_INT_Nx_Char: local abs, size 0
  0x0020 _WAIT_READY_R_T: local abs, size 0
  0x0020 _Auto_Enable: local abs, size 0
  0x0020 SP: local abs, size 0
  0x0020 _Prescaler: local abs, size 0
  0x0020 _Tx_7bits_char: local abs, size 0
  0x0020 _EN_INT_Nx_Char: local abs, size 0
  0x0020 _WAIT_READY_R_T: local abs, size 0
  0x0020 _Auto_Enable: local abs, size 0
  0x0020 SP: local abs, size 0
  0x0020 _Prescaler: local abs, size 0
  0x0020 _Tx_7bits_char: local abs, size 0
  0x0020 _EN_INT_Nx_Char: local abs, size 0
  0x0020 _WAIT_READY_R_T: local abs, size 0
  0x0020 _Auto_Enable: local abs, size 0
  0x0020 SP: local abs, size 0
  0x0020 _Prescaler: local abs, size 0
  0x0020 _Tx_7bits_char: local abs, size 0
  0x0020 _EN_INT_Nx_Char: local abs, size 0
  0x0020 _WAIT_READY_R_T: local abs, size 0
  0x0020 _Auto_Enable: local abs, size 0
  0x0020 SP: local abs, size 0
  0x0020 _Prescaler: local abs, size 0
  0x0020 _Tx_7bits_char: local abs, size 0
  0x0020 _EN_INT_Nx_Char: local abs, size 0
  0x0020 _WAIT_READY_R_T: local abs, size 0
  0x0020 _Auto_Enable: local abs, size 0
  0x0028 _Reset_TxINT_Pend: local abs, size 0
  0x0028 _Reset_TxINT_Pend: local abs, size 0
  0x0028 _Reset_TxINT_Pend: local abs, size 0
  0x0028 _Reset_TxINT_Pend: local abs, size 0
  0x0028 _Reset_TxINT_Pend: local abs, size 0
  0x0030 _Error_Reset: local abs, size 0
  0x0030 _Error_Reset: local abs, size 0
  0x0030 _Error_Reset: local abs, size 0
  0x0030 _Error_Reset: local abs, size 0
  0x0030 _Error_Reset: local abs, size 0
  0x0038 _Ret_F_Int: local abs, size 0
  0x0038 _Ret_F_Int: local abs, size 0
  0x0038 _Ret_F_Int: local abs, size 0
  0x0038 _Ret_F_Int: local abs, size 0
  0x0038 _Ret_F_Int: local abs, size 0
  0x0040 _Tx_6bits_char: local abs, size 0
  0x0040 _WAIT_READY_FUNC: local abs, size 0
  0x0040 _X16_Clock_mode: local abs, size 0
  0x0040 _Counter: local abs, size 0
  0x0040 _RX_6_bits: local abs, size 0
  0x0040 _Tx_6bits_char: local abs, size 0
  0x0040 _WAIT_READY_FUNC: local abs, size 0
  0x0040 _X16_Clock_mode: local abs, size 0
  0x0040 _Counter: local abs, size 0
  0x0040 _RX_6_bits: local abs, size 0
  0x0040 _Tx_6bits_char: local abs, size 0
  0x0040 _WAIT_READY_FUNC: local abs, size 0
  0x0040 _X16_Clock_mode: local abs, size 0
  0x0040 _Counter: local abs, size 0
  0x0040 _RX_6_bits: local abs, size 0
  0x0040 _Tx_6bits_char: local abs, size 0
  0x0040 _WAIT_READY_FUNC: local abs, size 0
  0x0040 _X16_Clock_mode: local abs, size 0
  0x0040 _Counter: local abs, size 0
  0x0040 _RX_6_bits: local abs, size 0
  0x0040 _Tx_6bits_char: local abs, size 0
  0x0040 _WAIT_READY_FUNC: local abs, size 0
  0x0040 _X16_Clock_mode: local abs, size 0
  0x0040 _Counter: local abs, size 0
  0x0040 _RX_6_bits: local abs, size 0
  0x0041 TestChar: local abs, size 0
  0x0041 TestChar: local abs, size 0
  0x0041 TestChar: local abs, size 0
  0x0041 TestChar: local abs, size 0
  0x0041 ERR_OPEN_DIR: local abs, size 0
  0x0041 TestChar: local abs, size 0
  0x0042 ERR_MISS_FILE: local abs, size 0
  0x0043 ERR_FOUND_NAME: local abs, size 0
  0x0051 CMD_RET_SUCCESS: local abs, size 0
  0x005f CMD_RET_ABORT: local abs, size 0
  0x0060 _Tx_8bits_char: local abs, size 0
  0x0060 _Tx_8bits_char: local abs, size 0
  0x0060 _Tx_8bits_char: local abs, size 0
  0x0060 _Tx_8bits_char: local abs, size 0
  0x0060 _Tx_8bits_char: local abs, size 0
  0x0080 _DTR_Enable: local abs, size 0
  0x0080 _RX_7_bits: local abs, size 0
  0x0080 _X32_Clock_mode: local abs, size 0
  0x0080 _INT_EN: local abs, size 0
  0x0080 _WAIT_READY_EN: local abs, size 0
  0x0080 setBanks: local reloc, size 0
  0x0080 _DTR_Enable: local abs, size 0
  0x0080 _RX_7_bits: local abs, size 0
  0x0080 _X32_Clock_mode: local abs, size 0
  0x0080 _INT_EN: local abs, size 0
  0x0080 _WAIT_READY_EN: local abs, size 0
  0x0080 _DTR_Enable: local abs, size 0
  0x0080 _RX_7_bits: local abs, size 0
  0x0080 _X32_Clock_mode: local abs, size 0
  0x0080 _INT_EN: local abs, size 0
  0x0080 _WAIT_READY_EN: local abs, size 0
  0x0080 _DTR_Enable: local abs, size 0
  0x0080 _RX_7_bits: local abs, size 0
  0x0080 _X32_Clock_mode: local abs, size 0
  0x0080 _INT_EN: local abs, size 0
  0x0080 _WAIT_READY_EN: local abs, size 0
  0x0080 _DTR_Enable: local abs, size 0
  0x0080 _RX_7_bits: local abs, size 0
  0x0080 _X32_Clock_mode: local abs, size 0
  0x0080 _INT_EN: local abs, size 0
  0x0080 _WAIT_READY_EN: local abs, size 0
  0x0082 ERR_DISK_DISCON: local abs, size 0
  0x0084 ERR_LARGE_SECTOR: local abs, size 0
  0x0092 ERR_TYPE_ERROR: local abs, size 0
  0x00a1 ERR_BPB_EROR: local abs, size 0
  0x00ae doCopy: local reloc, size 0
  0x00b1 ERR_DISK_FULL: local abs, size 0
  0x00b2 ERR_FDT_OVER: local abs, size 0
  0x00b4 ERR_FILE_CLOSE: local abs, size 0
  0x00bc setSRAMBank: global reloc, size 0
  0x00c0 _X64_Clock_mode: local abs, size 0
  0x00c0 _RX_8_bits: local abs, size 0
  0x00c0 _X64_Clock_mode: local abs, size 0
  0x00c0 _RX_8_bits: local abs, size 0
  0x00c0 _X64_Clock_mode: local abs, size 0
  0x00c0 _RX_8_bits: local abs, size 0
  0x00c0 _X64_Clock_mode: local abs, size 0
  0x00c0 _RX_8_bits: local abs, size 0
  0x00c0 _X64_Clock_mode: local abs, size 0
  0x00c0 _RX_8_bits: local abs, size 0
  0x00c9 setFLASHBank: global reloc, size 0
  0x00d8 putBank: local reloc, size 0
  0x00df enableFLASH: global reloc, size 0
  0x00e8 putBankF: local reloc, size 0
  0x00ee CTC_TIMEOUT: local abs, size 0
  0x00ee disableFLASH: global reloc, size 0
  0x00ee CTC_TIMEOUT: local abs, size 0
  0x00ee CTC_TIMEOUT: local abs, size 0
  0x00ee CTC_TIMEOUT: local abs, size 0
  0x00ee CTC_TIMEOUT: local abs, size 0
  0x00f9 disableIC620_OE: local reloc, size 0
  0x0102 enableIC620_OE: local reloc, size 0
  0x010b EEPIO_Init: local reloc, size 0
  0x0143 SD_USB_startup: global reloc, size 0
  0x0232 rfile_name: local reloc, size 0
  0x0240 p_C_Read_SD: local reloc, size 0
  0x027b SDabort: local reloc, size 0
  0x0288 _SDUSB_EEprog_end: global reloc, size 0
  0x0288 PLD_PCB_Start: global reloc, size 0
  0x02a0 BN2BCD: global reloc, size 0
  0x02a2 D100LP: local reloc, size 0
  0x02ab D10LP: local reloc, size 0
  0x02b9 BCD2BN: global reloc, size 0
  0x02c7 SC4B: local reloc, size 0
  0x02c7 Bin2Hex16: global reloc, size 0
  0x02cd Bin2Hex8: global reloc, size 0
  0x02ce entr8: local reloc, size 0
  0x02d6 cnv_byte: local reloc, size 0
  0x02e7 AddToT_Buf: global reloc, size 0
  0x02f2 HEX2BN: global reloc, size 0
  0x0301 A2HEX: local reloc, size 0
  0x0309 A2HEX1: local reloc, size 0
  0x030a SC4D: local reloc, size 0
  0x030a BN2DEC: global reloc, size 0
  0x0322 CNVERT_4E: local reloc, size 0
  0x0327 DVL00P: local reloc, size 0
  0x0334 DECCNT: local reloc, size 0
  0x033a CHINS: local reloc, size 0
  0x0344 EXIT: local reloc, size 0
  0x0350 P0S: local reloc, size 0
  0x0351 INSERT: local reloc, size 0
  0x0368 EXITMR: local reloc, size 0
  0x0375 BUFPTR: local reloc, size 0
  0x0377 CURLEN: local reloc, size 0
  0x0378 NGFLAG: local reloc, size 0
  0x0379 BUFFER: local reloc, size 0
  0x0380 DEC2BN: global reloc, size 0
  0x038d INIT1: local reloc, size 0
  0x0399 PLUS: local reloc, size 0
  0x039d SKIP: local reloc, size 0
  0x03a1 CNVERT_4F: local reloc, size 0
  0x03a2 CHKDIG: local reloc, size 0
  0x03ca OKEXIT: local reloc, size 0
  0x03cc EREXIT: local reloc, size 0
  0x03cf NGFLAG_4F: local reloc, size 0
  0x03d0 LC2UC: global reloc, size 0
  0x03da EXIT_4G: local reloc, size 0
  0x03db SC4G: local reloc, size 0
  0x03db putDEtoScreen: global reloc, size 0
  0x03ea putDEtoScreenDEC: global reloc, size 0
  0x03f9 DumpRegisters: global reloc, size 0
  0x045d all_flags: local reloc, size 0
  0x048e disp_flags: local reloc, size 0
  0x0499 adv_iy: local reloc, size 0
  0x049e display_4_registers: local reloc, size 0
  0x04a0 display_regs: local reloc, size 0
  0x04c6 display_n_8registers: global reloc, size 0
  0x04e7 add_space: global reloc, size 0
  0x04ee adjust_txtbuf_length: local reloc, size 0
  0x04f7 MFILL: global reloc, size 0
  0x0502 BLKMOV: global reloc, size 0
  0x0502 SC5A: local reloc, size 0
  0x051a DOLEFT: local reloc, size 0
  0x051d _CodeConv_end: global reloc, size 0
  0x0520 strCompare: global reloc, size 0
  0x052c str2ISshorter: local reloc, size 0
  0x0531 cmpLoop: local reloc, size 0
  0x0538 cmpLength: local reloc, size 0
  0x0540 LENS1: local reloc, size 0
  0x0541 LENS2: local reloc, size 0
  0x0542 delimChars: local reloc, size 0
  0x054c isDelimit: global reloc, size 0
  0x0554 nxtdelim: local reloc, size 0
  0x055e exitDelim: local reloc, size 0
  0x0562 exitZero: local reloc, size 0
  0x0566 skipPriorDelimit: global reloc, size 0
  0x056f skipCharsUntilDelim: global reloc, size 0
  0x0578 isHex: global reloc, size 0
  0x059c isChar: global reloc, size 0
  0x05b0 CONCAT: global reloc, size 0
  0x05cf TOOLNG: local reloc, size 0
  0x05e4 LENOK: local reloc, size 0
  0x05eb DOCAT: local reloc, size 0
  0x05f7 EXIT: local reloc, size 0
  0x0603 S1ADR: local reloc, size 0
  0x0605 S1LEN: local reloc, size 0
  0x0606 S2LEN: local reloc, size 0
  0x0607 STRGOV: local reloc, size 0
  0x0608 POS: global reloc, size 0
  0x0625 SLP1: local reloc, size 0
  0x0638 cmpLoop_8C: local reloc, size 0
  0x0643 SLP2: local reloc, size 0
  0x0647 FOUND: local reloc, size 0
  0x064b NOTFND: local reloc, size 0
  0x064d STRING: local reloc, size 0
  0x064f SUBSTG: local reloc, size 0
  0x0651 SLEN: local reloc, size 0
  0x0652 SUBLEN: local reloc, size 0
  0x0653 INDEX: local reloc, size 0
  0x0654 COPY: global reloc, size 0
  0x0675 RECALC: local reloc, size 0
  0x067e CNT1OK: local reloc, size 0
  0x068a CNT2OK: local reloc, size 0
  0x0699 OKEXIT_8D: local reloc, size 0
  0x069b EREXIT: local reloc, size 0
  0x069d MAXLEN: local reloc, size 0
  0x069e CPYERR: local reloc, size 0
  0x069f IDX_8D: local reloc, size 0
  0x06a0 CNT_8D: local reloc, size 0
  0x06a1 MXLEN_8D: local reloc, size 0
  0x06a2 SSTG_8D: local reloc, size 0
  0x06c2 DSTG_8D: local reloc, size 0
  0x06e2 DELETE: global reloc, size 0
  0x06ff TRUNC: local reloc, size 0
  0x0707 CNTOK: local reloc, size 0
  0x071a OKEXIT_8E: local reloc, size 0
  0x071c DELERR: local reloc, size 0
  0x071d IDX_8E: local reloc, size 0
  0x071e CNT_8E: local reloc, size 0
  0x071f SSTG_8E: local reloc, size 0
  0x072d INSERT_STR: global reloc, size 0
  0x0734 IDX0: local reloc, size 0
  0x0738 CHKLEN: local reloc, size 0
  0x0742 TRUNC_8F: local reloc, size 0
  0x074c IDXLEN: local reloc, size 0
  0x075c IDXL1: local reloc, size 0
  0x0763 LENOK_8F: local reloc, size 0
  0x077c MVESUB: local reloc, size 0
  0x0787 INSERR: local reloc, size 0
  0x0788 IDX_8F: local reloc, size 0
  0x0789 MXLEN_8F: local reloc, size 0
  0x078a STG_8F: local reloc, size 0
  0x07b2 SSTG_8F: local reloc, size 0
  0x07da Init_RAM_HEAP: global reloc, size 0
  0x07ea zero_byte: local reloc, size 0
  0x07eb dumpMemory: global reloc, size 0
  0x081b display_BC_bytes: local reloc, size 0
  0x0853 displayBytes: local reloc, size 0
  0x0855 displayLoop: local reloc, size 0
  0x0875 firstRound: local reloc, size 0
  0x0881 checkZero16: local reloc, size 0
  0x0889 dumpText: local reloc, size 0
  0x0909 String_HEAP_Start: local reloc, size 0
  0x0909 DateBuf: global reloc, size 0
  0x0920 MsgText1: global reloc, size 0
  0x093a st2g1: global reloc, size 0
  0x094c st1g2: global reloc, size 0
  0x095e steq: global reloc, size 0
  0x0970 subst: global reloc, size 0
  0x0977 RegLabels1: global reloc, size 0
  0x099e RegLabels2: global reloc, size 0
  0x09c5 RegLabels3: global reloc, size 0
  0x09ec RegFlags: global reloc, size 0
  0x09fd Str0: global reloc, size 0
  0x0a16 Str2: global reloc, size 0
  0x0a30 Str3: global reloc, size 0
  0x0a49 Str4: global reloc, size 0
  0x0a61 Str7: global reloc, size 0
  0x0a79 sourctext1: global reloc, size 0
  0x0a86 sourctext2: global reloc, size 0
  0x0a97 _Strings_end: global reloc, size 0
  0x0a97 String_HEAP_end: local reloc, size 0
  0x0a97 endtext: global reloc, size 0
  0x0aa0 waitForKey: global reloc, size 0
  0x0aac R_LOOP: local reloc, size 0
  0x0aac ReadLine: global reloc, size 0
  0x0abb waitEntry: local reloc, size 0
  0x0ad0 cont2: local reloc, size 0
  0x0adf c_nextchar: local reloc, size 0
  0x0af0 cont1: local reloc, size 0
  0x0afc ReadChar: global reloc, size 0
  0x0b13 RetInpStatus: global reloc, size 0
  0x0b1a S_head_tail: global reloc, size 0
  0x0b20 bmve: local reloc, size 0
  0x0b31 WriteLine: global reloc, size 0
  0x0b33 nxtchr: local reloc, size 0
  0x0b42 WriteLineCRNL: global reloc, size 0
  0x0b45 CRLF: global reloc, size 0
  0x0b45 CRNL: local reloc, size 0
  0x0b49 WriteChar: global reloc, size 0
  0x0b4d WaitOutBuff: local reloc, size 0
  0x0b6e GetOutStatus: local reloc, size 0
  0x0b75 InitBuffers: global reloc, size 0
  0x0b89 cleanInBuffer: global reloc, size 0
  0x0b9a cleanOutBuffer: global reloc, size 0
  0x0ba8 waitForFinishedPrintout: global reloc, size 0
  0x0baf InitInterrupt: global reloc, size 0
  0x0bfe SIO_Init: global reloc, size 0
  0x0c06 ReadINTHandler: local reloc, size 0
  0x0c27 exitRHandler: local reloc, size 0
  0x0c33 WriteINTHandler: local reloc, size 0
  0x0c42 nodata: local reloc, size 0
  0x0c4c wrdone: local reloc, size 0
  0x0c58 ReadUSBHandler: global reloc, size 0
  0x0c6a Write_USB_Handler: local reloc, size 0
  0x0c76 Extern_B_USB_Handler: local reloc, size 0
  0x0c82 SpecINT_B_USB_Handler: local reloc, size 0
  0x0c8e SIO_A_EI: global reloc, size 0
  0x0c97 SIO_A_DI: global reloc, size 0
  0x0ca0 SIO_A_TXRX_INTon: global reloc, size 0
  0x0ca9 SIO_A_TXRX_INToff: global reloc, size 0
  0x0cb2 SIO_A_TX_INTon: global reloc, size 0
  0x0cbb SIO_A_RX_INTon: global reloc, size 0
  0x0cc4 SIO_A_RTS_OFF: global reloc, size 0
  0x0ccf SIO_A_RTS_ON: global reloc, size 0
  0x0cd8 SIO_B_RX_INTon: global reloc, size 0
  0x0ce1 SIO_B_TXRX_INToff: global reloc, size 0
  0x0cea SIO_B_EI: global reloc, size 0
  0x0cf3 SIO_B_DI: global reloc, size 0
  0x0cfc purgeRXA: global reloc, size 0
  0x0d09 purgeRXB: global reloc, size 0
  0x0d16 TX_NAK: global reloc, size 0
  0x0d1e TX_ACK: global reloc, size 0
  0x0d26 TX_C: global reloc, size 0
  0x0d2e TX_X: global reloc, size 0
  0x0d36 TX_EMP: global reloc, size 0
  0x0d42 CTC1_INT_OFF: global reloc, size 0
  0x0d4b ExternINTHandler: local reloc, size 0
  0x0d54 SpecINTHandler: local reloc, size 0
  0x0d5d CharToSIO_0: local reloc, size 0
  0x0d73 incInPointer: local reloc, size 0
  0x0d81 incOutPointer: local reloc, size 0
  0x0d8f InitSIO_0Ports: global reloc, size 0
  0x0d9a initSIOBInterrupt: global reloc, size 0
  0x0da3 SIO_0INT: global reloc, size 0
  0x0dc4 writeSTRBelow: global reloc, size 0
  0x0dce writeSTRBelow_CRLF: global reloc, size 0
  0x0dd8 puts_crlf: global reloc, size 0
  0x0de0 PIO_Init: global reloc, size 0
  0x0e01 CTC_CH1_Interrupt_Handler: global reloc, size 0
  0x0e01 CTC_CH0_Interrupt_Handler: global reloc, size 0
  0x0e15 CTC_CH3_Interrupt_Handler: global reloc, size 0
  0x0e15 showtimeout: local reloc, size 0
  0x0e15 CTC_CH2_Interrupt_Handler: global reloc, size 0
  0x0e21 CTC_Init: global reloc, size 0
  0x0e42 _IOI_end: global reloc, size 0
  0x0e60 HC376S_CheckConnection: global reloc, size 0
  0x0e84 connection_fail: local reloc, size 0
  0x0eae connection_pass: local reloc, size 0
  0x0eb0 HC376S_ResetAll: global reloc, size 0
  0x0ec4 HC376S_setUSBMode: global reloc, size 0
  0x0ef4 NoUSBpres: local reloc, size 0
  0x0f12 NoSDpres: local reloc, size 0
  0x0f34 someUSBerror: local reloc, size 0
  0x0f4a retNZ: local reloc, size 0
  0x0f4d HC376S_setSDMode: global reloc, size 0
  0x0f6b norespSD: local reloc, size 0
  0x0f88 HC376S_diskConnectionStatus: global reloc, size 0
  0x0fc4 HC376S_USBdiskMount: global reloc, size 0
  0x1012 HC376S_setFileName: global reloc, size 0
  0x102f HC376S_fileOpen: global reloc, size 0
  0x105e nxtFileOpen: local reloc, size 0
  0x10ad openNoFileName: local reloc, size 0
  0x10cb doEnumeration: local reloc, size 0
  0x1146 HC376S_fileClose: global reloc, size 0
  0x1181 HC376S_fileCreate: global reloc, size 0
  0x11e8 HC376S_getFileSize: global reloc, size 0
  0x1230 endtest: local reloc, size 0
  0x1256 setBytesRead: local reloc, size 0
  0x1271 continueRead: local reloc, size 0
  0x1283 HC376S_fileRead: global reloc, size 0
  0x12c6 endBlockRead: local reloc, size 0
  0x12c8 setByteWrite: local reloc, size 0
  0x12e2 HC376S_fileWrite: global reloc, size 0
  0x1319 nextblockW: local reloc, size 0
  0x1363 lastBlock: local reloc, size 0
  0x137a endBlockWrite: local reloc, size 0
  0x137b HC376S_fileDelete: global reloc, size 0
  0x13b3 getResponseFromUSB: global reloc, size 0
  0x13bb noresp: local reloc, size 0
  0x13bc delay_D0_ms: global reloc, size 0
  0x13bc waitForResponse: local reloc, size 0
  0x13ca beginUART: local reloc, size 0
  0x13d5 outByte367S: local reloc, size 0
  0x13e3 delay1s: global reloc, size 0
  0x13ea delay500ms: global reloc, size 0
  0x13f1 delay350ms: local reloc, size 0
  0x13f8 delay250ms: local reloc, size 0
  0x13ff delay200ms: global reloc, size 0
  0x1406 delay100ms: global reloc, size 0
  0x140d delay50ms: global reloc, size 0
  0x1414 delay20ms: global reloc, size 0
  0x141b delay10ms: global reloc, size 0
  0x1422 delay5ms: local reloc, size 0
  0x1429 delay2ms: local reloc, size 0
  0x1430 delay1ms: local reloc, size 0
  0x1437 delay500us: local reloc, size 0
  0x143e delay200us: local reloc, size 0
  0x1445 CTC_Delay: local reloc, size 0
  0x145a resDelayFlag: local reloc, size 0
  0x1460 CTC_delay_INT_handler: global reloc, size 0
  0x1475 _USB_end: global reloc, size 0
  0x1475 blockend_USB: global reloc, size 0
  0x1475 blockstart_USB: global reloc, size 0
  0xf000 Heap: local abs, size 0
  0xf000 Heap: local abs, size 0
  0xf000 Heap: local abs, size 0
  0xf000 Heap: local abs, size 0
  0xf000 Heap: local abs, size 0
  0xf1d0 PIO_B_value: local abs, size 0
  0xf1d0 PIO_B_value: local abs, size 0
  0xf1d0 PIO_B_value: local abs, size 0
  0xf1d0 PIO_B_value: local abs, size 0
  0xf1d0 PIO_B_value: local abs, size 0
  0xf1f0 Result_NumToHex: local abs, size 0
  0xf1f0 Result_NumToHex: local abs, size 0
  0xf1f0 Result_NumToHex: local abs, size 0
  0xf1f0 Result_NumToHex: local abs, size 0
  0xf1f0 Result_NumToHex: local abs, size 0
  0xf400 SIO_USB_WR_Vec: local abs, size 0
  0xf400 Interupt_vector: local abs, size 0
  0xf400 SIO_Int_Vec: local abs, size 0
  0xf400 SIO_USB_WR_Vec: local abs, size 0
  0xf400 Interupt_vector: local abs, size 0
  0xf400 SIO_Int_Vec: local abs, size 0
  0xf400 SIO_USB_WR_Vec: local abs, size 0
  0xf400 Interupt_vector: local abs, size 0
  0xf400 SIO_Int_Vec: local abs, size 0
  0xf400 SIO_USB_WR_Vec: local abs, size 0
  0xf400 Interupt_vector: local abs, size 0
  0xf400 SIO_Int_Vec: local abs, size 0
  0xf400 SIO_USB_WR_Vec: local abs, size 0
  0xf400 Interupt_vector: local abs, size 0
  0xf400 SIO_Int_Vec: local abs, size 0
  0xf402 SIO_USB_EXT_Vec: local abs, size 0
  0xf402 SIO_USB_EXT_Vec: local abs, size 0
  0xf402 SIO_USB_EXT_Vec: local abs, size 0
  0xf402 SIO_USB_EXT_Vec: local abs, size 0
  0xf402 SIO_USB_EXT_Vec: local abs, size 0
  0xf404 SIO_USB_Read_Vec: local abs, size 0
  0xf404 SIO_USB_Read_Vec: local abs, size 0
  0xf404 SIO_USB_Read_Vec: local abs, size 0
  0xf404 SIO_USB_Read_Vec: local abs, size 0
  0xf404 SIO_USB_Read_Vec: local abs, size 0
  0xf406 SIO_USB_Spec_Vec: local abs, size 0
  0xf406 SIO_USB_Spec_Vec: local abs, size 0
  0xf406 SIO_USB_Spec_Vec: local abs, size 0
  0xf406 SIO_USB_Spec_Vec: local abs, size 0
  0xf406 SIO_USB_Spec_Vec: local abs, size 0
  0xf408 SIO_Int_WR_Vec: local abs, size 0
  0xf408 SIO_Int_WR_Vec: local abs, size 0
  0xf408 SIO_Int_WR_Vec: local abs, size 0
  0xf408 SIO_Int_WR_Vec: local abs, size 0
  0xf408 SIO_Int_WR_Vec: local abs, size 0
  0xf40a SIO_Int_EXT_Vec: local abs, size 0
  0xf40a SIO_Int_EXT_Vec: local abs, size 0
  0xf40a SIO_Int_EXT_Vec: local abs, size 0
  0xf40a SIO_Int_EXT_Vec: local abs, size 0
  0xf40a SIO_Int_EXT_Vec: local abs, size 0
  0xf40c SIO_Int_Read_Vec: local abs, size 0
  0xf40c SIO_Int_Read_Vec: local abs, size 0
  0xf40c SIO_Int_Read_Vec: local abs, size 0
  0xf40c SIO_Int_Read_Vec: local abs, size 0
  0xf40c SIO_Int_Read_Vec: local abs, size 0
  0xf40e SIO_Int_Spec_Vec: local abs, size 0
  0xf40e SIO_Int_Spec_Vec: local abs, size 0
  0xf40e SIO_Int_Spec_Vec: local abs, size 0
  0xf40e SIO_Int_Spec_Vec: local abs, size 0
  0xf40e SIO_Int_Spec_Vec: local abs, size 0
  0xf410 CTC_CH0_I_Vector: local abs, size 0
  0xf410 CTC_CH0_I_Vector: local abs, size 0
  0xf410 CTC_CH0_I_Vector: local abs, size 0
  0xf410 CTC_CH0_I_Vector: local abs, size 0
  0xf410 CTC_CH0_I_Vector: local abs, size 0
  0xf412 CTC_CH1_I_Vector: local abs, size 0
  0xf412 CTC_CH1_I_Vector: local abs, size 0
  0xf412 CTC_CH1_I_Vector: local abs, size 0
  0xf412 CTC_CH1_I_Vector: local abs, size 0
  0xf412 CTC_CH1_I_Vector: local abs, size 0
  0xf414 CTC_CH2_I_Vector: local abs, size 0
  0xf414 CTC_CH2_I_Vector: local abs, size 0
  0xf414 CTC_CH2_I_Vector: local abs, size 0
  0xf414 CTC_CH2_I_Vector: local abs, size 0
  0xf414 CTC_CH2_I_Vector: local abs, size 0
  0xf416 CTC_CH3_I_Vector: local abs, size 0
  0xf416 CTC_CH3_I_Vector: local abs, size 0
  0xf416 CTC_CH3_I_Vector: local abs, size 0
  0xf416 CTC_CH3_I_Vector: local abs, size 0
  0xf416 CTC_CH3_I_Vector: local abs, size 0
  0xfff0 stacktop: global abs, size 0
  0xfff0 stacktop: local abs, size 0
  0xfff0 stacktop: local abs, size 0
  0xfff0 stacktop: local abs, size 0
  0xfff0 stacktop: local abs, size 0

Linker symbols:
  0x8000 sram: global abs, size 0
  0x0000 flash: global abs, size 0
  0x0000 _Z80PIO_Base: global abs, size 0
  0x0010 _Z80CTC_Base: global abs, size 0
  0x0020 _Z80SIO_Base: global abs, size 0
  0x0030 _Z80_BankCS: global abs, size 0
  0x0050 _CE_RST_BANK: global abs, size 0
  0xf000 SRAM_VAR_START: global abs, size 0
  0x0ff0 HEAP_SIZE: global abs, size 0
  0x0040 Textbufsize: global abs, size 0
  0xf000 Textbuf: global abs, size 0
  0xf040 S1x: global abs, size 0
  0xf080 commParseTable: global abs, size 0
  0xf084 commAdr1: global abs, size 0
  0xf088 commAdr2: global abs, size 0
  0xf090 commLvl1: global abs, size 0
  0xf0a0 commLvl2: global abs, size 0
  0xf0b0 commStr1: global abs, size 0
  0xf0d8 commStr2: global abs, size 0
  0xf100 T_BUFFER: global abs, size 0
  0xf120 SP_value: global abs, size 0
  0xf124 reg16_value: global abs, size 0
  0xf12a PCvalue: global abs, size 0
  0xf12c PCinpFlag: global abs, size 0
  0xf12e generalFlags: global abs, size 0
  0x0064 bufferSize: global abs, size 0
  0xf130 inBuffer: global abs, size 0
  0xf194 inBufferEnd: global abs, size 0
  0xf196 inbufferDeactivate: global abs, size 0
  0xf198 memBankID: global abs, size 0
  0xf199 rstBankID: global abs, size 0
  0xf19a inHeadAdr: global abs, size 0
  0xf19c inTailAdr: global abs, size 0
  0xf19e inBufCount: global abs, size 0
  0xf1a0 outHeadAdr: global abs, size 0
  0xf1a2 outTailAdr: global abs, size 0
  0xf1a4 OutBufCount: global abs, size 0
  0xf1a6 OutINTExpect: global abs, size 0
  0xf1a8 XBAddr: global abs, size 0
  0xf1aa XMChkSum: global abs, size 0
  0xf1b1 TempVar1: global abs, size 0
  0xf1b2 TempVar2: global abs, size 0
  0xf1b4 TempVar4: global abs, size 0
  0xf1b5 TempVar5: global abs, size 0
  0xf1ba CTCdelayFlag: global abs, size 0
  0xf1bc packLen: global abs, size 0
  0xf1be charLen: global abs, size 0
  0xf1c0 sdWRpointer: global abs, size 0
  0x00a0 outBufferSize: global abs, size 0
  0xf200 outBuffer: global abs, size 0
  0xf2f0 endOutBuffer: global abs, size 0
  0x0048 list_len: global abs, size 0
  0xf300 Comm_Ptr_list: global abs, size 0
  0x1480 _end: global abs, size 0
