
Files:
  I2C_func.o:  I2C_Func ede0(dd) hex
  LEV_Sect11_IO_Interrupts.o:  InOutInterrupt e1e0(382) hex
  LEV_Sect4_Code_Conversion.o:  CodeConversion d9e0(27d) hex
  LEV_Sect8_String_Manipulation.o:  Strings dc60(577) hex
  XMODEM_CRC_SUB.o:  Xmodems eba0(22d) hex
  Z80_EEP_.o:  FLASH_Startup 0(43), INT_IM1 66(c), INIT_BODY 80(95), EEtestprog d000(190) hex
  Z80_PLD_FLash_support.o:  Functions d960(7c) hex
  Z80_PLD_PCB_.o:  SD_USB_Start 120(148), Monitor d1a0(7a8) hex
  Z80_USB_TXRX.o:  CH376S_Support e580(60c) hex


Section mapping (numbers in hex):
------------------------------
  00000000 FLASH_block  (size 268)
           00000000 - 00000043 Z80_EEP_.o(FLASH_Startup)
           00000066 - 00000072 Z80_EEP_.o(INT_IM1)
           00000080 - 00000115 Z80_EEP_.o(INIT_BODY)
           00000120 - 00000268 Z80_PLD_PCB_.o(SD_USB_Start)
------------------------------
  0000d000 MainBody  (size 1ec0, allocated 1ebd)
           0000d000 - 0000d190 Z80_EEP_.o(EEtestprog)
           0000d1a0 - 0000d948 Z80_PLD_PCB_.o(Monitor)
           0000d960 - 0000d9dc Z80_PLD_FLash_support.o(Functions)
           0000d9e0 - 0000dc5d LEV_Sect4_Code_Conversion.o(CodeConversion)
           0000dc60 - 0000e1d7 LEV_Sect8_String_Manipulation.o(Strings)
           0000e1e0 - 0000e562 LEV_Sect11_IO_Interrupts.o(InOutInterrupt)
           0000e580 - 0000eb8c Z80_USB_TXRX.o(CH376S_Support)
           0000eba0 - 0000edcd XMODEM_CRC_SUB.o(Xmodems)
           0000ede0 - 0000eebd I2C_func.o(I2C_Func)


Symbols of FLASH_block:
  0x0000 EPS1: local reloc, size 0
  0x0000 _Timer: local abs, size 0
  0x0000 _Tx_5bits_char: local abs, size 0
  0x0000 _Rx_INT_Disable: local abs, size 0
  0x0000 WR0: local abs, size 0
  0x0000 _RX_5_bits: local abs, size 0
  0x0000 _X1_Clock_mode: local abs, size 0
  0x0000 _Rx_Disable: local abs, size 0
  0x0000 NUL: local abs, size 0
  0x0000 DOALIGN: local abs, size 0
  0x0000 _Timer: local abs, size 0
  0x0000 _Tx_5bits_char: local abs, size 0
  0x0000 _Rx_INT_Disable: local abs, size 0
  0x0000 DO_Debug: local abs, size 0
  0x0000 WR0: local abs, size 0
  0x0000 _RX_5_bits: local abs, size 0
  0x0000 _X1_Clock_mode: local abs, size 0
  0x0000 _Rx_Disable: local abs, size 0
  0x0000 NUL: local abs, size 0
  0x0000 DOALIGN: local abs, size 0
  0x0001 BOOTLOAD: local abs, size 0
  0x0001 _Rx_Enable: local abs, size 0
  0x0001 _CW: local abs, size 0
  0x0001 WR1: local abs, size 0
  0x0001 SOH: local abs, size 0
  0x0001 _Parity_EN: local abs, size 0
  0x0001 _Ext_INT_EN: local abs, size 0
  0x0001 BOOTLOAD: local abs, size 0
  0x0001 _Rx_Enable: local abs, size 0
  0x0001 _CW: local abs, size 0
  0x0001 WR1: local abs, size 0
  0x0001 SOH: local abs, size 0
  0x0001 _Parity_EN: local abs, size 0
  0x0001 _Ext_INT_EN: local abs, size 0
  0x0002 _Reset: local abs, size 0
  0x0002 EOT_FOUND: local abs, size 0
  0x0002 WR2: local abs, size 0
  0x0002 _RTS_Enable: local abs, size 0
  0x0002 STX: local abs, size 0
  0x0002 _Parity_Even: local abs, size 0
  0x0002 _Tx_INT_EN: local abs, size 0
  0x0002 _Reset: local abs, size 0
  0x0002 EOT_FOUND: local abs, size 0
  0x0002 WR2: local abs, size 0
  0x0002 _RTS_Enable: local abs, size 0
  0x0002 STX: local abs, size 0
  0x0002 _Parity_Even: local abs, size 0
  0x0002 _Tx_INT_EN: local abs, size 0
  0x0003 WR3: local abs, size 0
  0x0003 ETX: local abs, size 0
  0x0003 WR3: local abs, size 0
  0x0003 ETX: local abs, size 0
  0x0004 EOT: local abs, size 0
  0x0004 _Stop_1_bit: local abs, size 0
  0x0004 _Status_Vector: local abs, size 0
  0x0004 WR4: local abs, size 0
  0x0004 _TC_Follow: local abs, size 0
  0x0004 EOT: local abs, size 0
  0x0004 _Stop_1_bit: local abs, size 0
  0x0004 _Status_Vector: local abs, size 0
  0x0004 WR4: local abs, size 0
  0x0004 _TC_Follow: local abs, size 0
  0x0005 ENQ: local abs, size 0
  0x0005 WR5: local abs, size 0
  0x0005 ENQ: local abs, size 0
  0x0005 WR5: local abs, size 0
  0x0006 ACK: local abs, size 0
  0x0006 ACK: local abs, size 0
  0x0007 BEL: local abs, size 0
  0x0007 BEL: local abs, size 0
  0x0008 _CLK_TRG_Start: local abs, size 0
  0x0008 _Stop_1_2_bit: local abs, size 0
  0x0008 _Tx_Enable: local abs, size 0
  0x0008 _err01_: local abs, size 0
  0x0008 _Rx_INT_First_Char: local abs, size 0
  0x0008 BS: local abs, size 0
  0x0008 _CLK_TRG_Start: local abs, size 0
  0x0008 _Stop_1_2_bit: local abs, size 0
  0x0008 _Tx_Enable: local abs, size 0
  0x0008 _err01_: local abs, size 0
  0x0008 _Rx_INT_First_Char: local abs, size 0
  0x0008 BS: local abs, size 0
  0x0009 HT: local abs, size 0
  0x0009 _err02_: local abs, size 0
  0x0009 HT: local abs, size 0
  0x0009 _err02_: local abs, size 0
  0x000a LFChar: local abs, size 0
  0x000a LF: local abs, size 0
  0x000a CTCpulse: local abs, size 0
  0x000a LFChar: local abs, size 0
  0x000a LF: local abs, size 0
  0x000a CTCpulse: local abs, size 0
  0x000b CTCtimeout: local abs, size 0
  0x000b VT: local abs, size 0
  0x000b CTCtimeout: local abs, size 0
  0x000b VT: local abs, size 0
  0x000c _Stop_2_bit: local abs, size 0
  0x000c FF: local abs, size 0
  0x000c _err03_: local abs, size 0
  0x000c _Stop_2_bit: local abs, size 0
  0x000c FF: local abs, size 0
  0x000c _err03_: local abs, size 0
  0x000d CR: local abs, size 0
  0x000d CRChar: local abs, size 0
  0x000d _err04_: local abs, size 0
  0x000d CR: local abs, size 0
  0x000d CRChar: local abs, size 0
  0x000d _err04_: local abs, size 0
  0x000e _err05_: local abs, size 0
  0x000e SO: local abs, size 0
  0x000e _err05_: local abs, size 0
  0x000e SO: local abs, size 0
  0x000f SI: local abs, size 0
  0x000f SI: local abs, size 0
  0x0010 DLE: local abs, size 0
  0x0010 _Rising: local abs, size 0
  0x0010 _INT_All_Rx_Char_P: local abs, size 0
  0x0010 _Reset_STAT_INT: local abs, size 0
  0x0010 _Send_Break: local abs, size 0
  0x0010 DLE: local abs, size 0
  0x0010 _Rising: local abs, size 0
  0x0010 _INT_All_Rx_Char_P: local abs, size 0
  0x0010 _Reset_STAT_INT: local abs, size 0
  0x0010 _Send_Break: local abs, size 0
  0x0011 DC1: local abs, size 0
  0x0011 DC1: local abs, size 0
  0x0012 DC2: local abs, size 0
  0x0012 DC2: local abs, size 0
  0x0013 DC3: local abs, size 0
  0x0013 DC3: local abs, size 0
  0x0014 DC4: local abs, size 0
  0x0014 DC4: local abs, size 0
  0x0015 NAK: local abs, size 0
  0x0015 NAK: local abs, size 0
  0x0016 SYN: local abs, size 0
  0x0016 SYN: local abs, size 0
  0x0017 ETB: local abs, size 0
  0x0017 ETB: local abs, size 0
  0x0018 _Int_All_Rx_Char_NP: local abs, size 0
  0x0018 _Ch_Reset: local abs, size 0
  0x0018 CAN: local abs, size 0
  0x0018 _Int_All_Rx_Char_NP: local abs, size 0
  0x0018 _Ch_Reset: local abs, size 0
  0x0018 CAN: local abs, size 0
  0x0019 EM: local abs, size 0
  0x0019 EM: local abs, size 0
  0x001a SUB: local abs, size 0
  0x001a SUB: local abs, size 0
  0x001b EscChar: local abs, size 0
  0x001b ESC: local abs, size 0
  0x001b EscChar: local abs, size 0
  0x001b ESC: local abs, size 0
  0x001b commListLen: local abs, size 0
  0x001c FS: local abs, size 0
  0x001c ITEM: local abs, size 0
  0x001c FS: local abs, size 0
  0x001c ITEM: local abs, size 0
  0x001d GS: local abs, size 0
  0x001d STEND: local abs, size 0
  0x001d GS: local abs, size 0
  0x001d STEND: local abs, size 0
  0x001e RS: local abs, size 0
  0x001e LISTEND: local abs, size 0
  0x001e RS: local abs, size 0
  0x001e LISTEND: local abs, size 0
  0x001f US: local abs, size 0
  0x001f US: local abs, size 0
  0x0020 SP: local abs, size 0
  0x0020 _Prescaler: local abs, size 0
  0x0020 _Tx_7bits_char: local abs, size 0
  0x0020 _EN_INT_Nx_Char: local abs, size 0
  0x0020 _WAIT_READY_R_T: local abs, size 0
  0x0020 _Auto_Enable: local abs, size 0
  0x0020 SP: local abs, size 0
  0x0020 _Prescaler: local abs, size 0
  0x0020 _Tx_7bits_char: local abs, size 0
  0x0020 _EN_INT_Nx_Char: local abs, size 0
  0x0020 _WAIT_READY_R_T: local abs, size 0
  0x0020 _Auto_Enable: local abs, size 0
  0x0028 _Reset_TxINT_Pend: local abs, size 0
  0x0028 _Reset_TxINT_Pend: local abs, size 0
  0x0030 _Error_Reset: local abs, size 0
  0x0030 _Error_Reset: local abs, size 0
  0x0038 _Ret_F_Int: local abs, size 0
  0x0038 _Ret_F_Int: local abs, size 0
  0x0040 _Tx_6bits_char: local abs, size 0
  0x0040 _WAIT_READY_FUNC: local abs, size 0
  0x0040 _X16_Clock_mode: local abs, size 0
  0x0040 _Counter: local abs, size 0
  0x0040 _RX_6_bits: local abs, size 0
  0x0040 _Tx_6bits_char: local abs, size 0
  0x0040 _WAIT_READY_FUNC: local abs, size 0
  0x0040 _X16_Clock_mode: local abs, size 0
  0x0040 _Counter: local abs, size 0
  0x0040 _RX_6_bits: local abs, size 0
  0x0041 TestChar: local abs, size 0
  0x0041 TestChar: local abs, size 0
  0x0060 _Tx_8bits_char: local abs, size 0
  0x0060 _Tx_8bits_char: local abs, size 0
  0x0080 _DTR_Enable: local abs, size 0
  0x0080 _RX_7_bits: local abs, size 0
  0x0080 _X32_Clock_mode: local abs, size 0
  0x0080 _INT_EN: local abs, size 0
  0x0080 _WAIT_READY_EN: local abs, size 0
  0x0080 setBanks: local reloc, size 0
  0x0080 _DTR_Enable: local abs, size 0
  0x0080 _RX_7_bits: local abs, size 0
  0x0080 _X32_Clock_mode: local abs, size 0
  0x0080 _INT_EN: local abs, size 0
  0x0080 _WAIT_READY_EN: local abs, size 0
  0x00a3 doCopy: local reloc, size 0
  0x00ae setSRAMBank: global reloc, size 0
  0x00bb setFLASHBank: global reloc, size 0
  0x00c0 _X64_Clock_mode: local abs, size 0
  0x00c0 _RX_8_bits: local abs, size 0
  0x00c0 _X64_Clock_mode: local abs, size 0
  0x00c0 _RX_8_bits: local abs, size 0
  0x00ca putBank: local reloc, size 0
  0x00d1 enableFLASH: global reloc, size 0
  0x00da putBankF: local reloc, size 0
  0x00e0 disableFLASH: global reloc, size 0
  0x00eb disableIC620_OE: local reloc, size 0
  0x00ee CTC_TIMEOUT: local abs, size 0
  0x00ee CDEL: local abs, size 0
  0x00ee CTC_TIMEOUT: local abs, size 0
  0x00ee CDEL: local abs, size 0
  0x00f4 enableIC620_OE: local reloc, size 0
  0x00fd EEPIO_Init: local reloc, size 0
  0x0123 SD_USB_startup: global reloc, size 0
  0x021b rfile_name: local reloc, size 0
  0x022b p_C_Read_SD: local reloc, size 0
  0x025b SDabort: local reloc, size 0
  0x0268 _SDUSB_EEprog_end: global reloc, size 0
  0x0268 MONITOR_Start0: local reloc, size 0
  0xf000 Heap: local abs, size 0
  0xf000 Heap: local abs, size 0
  0xf1d0 PIO_B_value: local abs, size 0
  0xf1d0 PIO_B_value: local abs, size 0
  0xf1f0 Result_NumToHex: local abs, size 0
  0xf1f0 Result_NumToHex: local abs, size 0
  0xf400 SIO_USB_WR_Vec: local abs, size 0
  0xf400 Interupt_vector: local abs, size 0
  0xf400 SIO_Int_Vec: local abs, size 0
  0xf400 SIO_USB_WR_Vec: local abs, size 0
  0xf400 Interupt_vector: local abs, size 0
  0xf400 SIO_Int_Vec: local abs, size 0
  0xf402 SIO_USB_EXT_Vec: local abs, size 0
  0xf402 SIO_USB_EXT_Vec: local abs, size 0
  0xf404 SIO_USB_Read_Vec: local abs, size 0
  0xf404 SIO_USB_Read_Vec: local abs, size 0
  0xf406 SIO_USB_Spec_Vec: local abs, size 0
  0xf406 SIO_USB_Spec_Vec: local abs, size 0
  0xf408 SIO_Int_WR_Vec: local abs, size 0
  0xf408 SIO_Int_WR_Vec: local abs, size 0
  0xf40a SIO_Int_EXT_Vec: local abs, size 0
  0xf40a SIO_Int_EXT_Vec: local abs, size 0
  0xf40c SIO_Int_Read_Vec: local abs, size 0
  0xf40c SIO_Int_Read_Vec: local abs, size 0
  0xf40e SIO_Int_Spec_Vec: local abs, size 0
  0xf40e SIO_Int_Spec_Vec: local abs, size 0
  0xf410 CTC_CH0_I_Vector: local abs, size 0
  0xf410 CTC_CH0_I_Vector: local abs, size 0
  0xf412 CTC_CH1_I_Vector: local abs, size 0
  0xf412 CTC_CH1_I_Vector: local abs, size 0
  0xf414 CTC_CH2_I_Vector: local abs, size 0
  0xf414 CTC_CH2_I_Vector: local abs, size 0
  0xf416 CTC_CH3_I_Vector: local abs, size 0
  0xf416 CTC_CH3_I_Vector: local abs, size 0
  0xfff0 stacktop: global abs, size 0
  0xfff0 stacktop: local abs, size 0

Symbols of MainBody:
  0x0000 _Timer: local abs, size 0
  0x0000 _Tx_5bits_char: local abs, size 0
  0x0000 _Rx_INT_Disable: local abs, size 0
  0x0000 WR0: local abs, size 0
  0x0000 _RX_5_bits: local abs, size 0
  0x0000 _X1_Clock_mode: local abs, size 0
  0x0000 _Rx_Disable: local abs, size 0
  0x0000 NUL: local abs, size 0
  0x0000 DOALIGN: local abs, size 0
  0x0000 _Timer: local abs, size 0
  0x0000 _Tx_5bits_char: local abs, size 0
  0x0000 _Rx_INT_Disable: local abs, size 0
  0x0000 WR0: local abs, size 0
  0x0000 _RX_5_bits: local abs, size 0
  0x0000 _X1_Clock_mode: local abs, size 0
  0x0000 _Rx_Disable: local abs, size 0
  0x0000 NUL: local abs, size 0
  0x0000 DOALIGN: local abs, size 0
  0x0000 _Timer: local abs, size 0
  0x0000 _Tx_5bits_char: local abs, size 0
  0x0000 _Rx_INT_Disable: local abs, size 0
  0x0000 WR0: local abs, size 0
  0x0000 _RX_5_bits: local abs, size 0
  0x0000 _X1_Clock_mode: local abs, size 0
  0x0000 _Rx_Disable: local abs, size 0
  0x0000 NUL: local abs, size 0
  0x0000 DOALIGN: local abs, size 0
  0x0000 _Timer: local abs, size 0
  0x0000 _Tx_5bits_char: local abs, size 0
  0x0000 _Rx_INT_Disable: local abs, size 0
  0x0000 WR0: local abs, size 0
  0x0000 _RX_5_bits: local abs, size 0
  0x0000 _X1_Clock_mode: local abs, size 0
  0x0000 _Rx_Disable: local abs, size 0
  0x0000 NUL: local abs, size 0
  0x0000 DOALIGN: local abs, size 0
  0x0000 _Timer: local abs, size 0
  0x0000 _Tx_5bits_char: local abs, size 0
  0x0000 _Rx_INT_Disable: local abs, size 0
  0x0000 WR0: local abs, size 0
  0x0000 _RX_5_bits: local abs, size 0
  0x0000 _X1_Clock_mode: local abs, size 0
  0x0000 _Rx_Disable: local abs, size 0
  0x0000 NUL: local abs, size 0
  0x0000 DOALIGN: local abs, size 0
  0x0000 _Timer: local abs, size 0
  0x0000 _Tx_5bits_char: local abs, size 0
  0x0000 _Rx_INT_Disable: local abs, size 0
  0x0000 WR0: local abs, size 0
  0x0000 _RX_5_bits: local abs, size 0
  0x0000 _X1_Clock_mode: local abs, size 0
  0x0000 _Rx_Disable: local abs, size 0
  0x0000 NUL: local abs, size 0
  0x0000 DOALIGN: local abs, size 0
  0x0000 PORTA: local abs, size 0
  0x0000 _Timer: local abs, size 0
  0x0000 _Tx_5bits_char: local abs, size 0
  0x0000 _Rx_INT_Disable: local abs, size 0
  0x0000 WR0: local abs, size 0
  0x0000 _RX_5_bits: local abs, size 0
  0x0000 _X1_Clock_mode: local abs, size 0
  0x0000 _Rx_Disable: local abs, size 0
  0x0000 SCL: local abs, size 0
  0x0000 NUL: local abs, size 0
  0x0000 DOALIGN: local abs, size 0
  0x0001 BOOTLOAD: local abs, size 0
  0x0001 _Rx_Enable: local abs, size 0
  0x0001 _CW: local abs, size 0
  0x0001 WR1: local abs, size 0
  0x0001 SOH: local abs, size 0
  0x0001 _Parity_EN: local abs, size 0
  0x0001 _Ext_INT_EN: local abs, size 0
  0x0001 BOOTLOAD: local abs, size 0
  0x0001 _Rx_Enable: local abs, size 0
  0x0001 _CW: local abs, size 0
  0x0001 WR1: local abs, size 0
  0x0001 SOH: local abs, size 0
  0x0001 _Parity_EN: local abs, size 0
  0x0001 _Ext_INT_EN: local abs, size 0
  0x0001 BOOTLOAD: local abs, size 0
  0x0001 _Rx_Enable: local abs, size 0
  0x0001 _CW: local abs, size 0
  0x0001 WR1: local abs, size 0
  0x0001 SOH: local abs, size 0
  0x0001 _Parity_EN: local abs, size 0
  0x0001 _Ext_INT_EN: local abs, size 0
  0x0001 BOOTLOAD: local abs, size 0
  0x0001 _Rx_Enable: local abs, size 0
  0x0001 _CW: local abs, size 0
  0x0001 WR1: local abs, size 0
  0x0001 SOH: local abs, size 0
  0x0001 _Parity_EN: local abs, size 0
  0x0001 _Ext_INT_EN: local abs, size 0
  0x0001 BOOTLOAD: local abs, size 0
  0x0001 _Rx_Enable: local abs, size 0
  0x0001 _CW: local abs, size 0
  0x0001 WR1: local abs, size 0
  0x0001 USB_TEXT_LABLES: local abs, size 0
  0x0001 SOH: local abs, size 0
  0x0001 _Parity_EN: local abs, size 0
  0x0001 _Ext_INT_EN: local abs, size 0
  0x0001 BOOTLOAD: local abs, size 0
  0x0001 _Rx_Enable: local abs, size 0
  0x0001 _CW: local abs, size 0
  0x0001 WR1: local abs, size 0
  0x0001 SOH: local abs, size 0
  0x0001 _Parity_EN: local abs, size 0
  0x0001 _Ext_INT_EN: local abs, size 0
  0x0001 SDA: local abs, size 0
  0x0001 PORTB: local abs, size 0
  0x0001 BOOTLOAD: local abs, size 0
  0x0001 _Rx_Enable: local abs, size 0
  0x0001 _CW: local abs, size 0
  0x0001 WR1: local abs, size 0
  0x0001 SOH: local abs, size 0
  0x0001 _Parity_EN: local abs, size 0
  0x0001 _Ext_INT_EN: local abs, size 0
  0x0002 _Reset: local abs, size 0
  0x0002 EOT_FOUND: local abs, size 0
  0x0002 WR2: local abs, size 0
  0x0002 _RTS_Enable: local abs, size 0
  0x0002 STX: local abs, size 0
  0x0002 _Parity_Even: local abs, size 0
  0x0002 _Tx_INT_EN: local abs, size 0
  0x0002 _Reset: local abs, size 0
  0x0002 EOT_FOUND: local abs, size 0
  0x0002 WR2: local abs, size 0
  0x0002 _RTS_Enable: local abs, size 0
  0x0002 STX: local abs, size 0
  0x0002 _Parity_Even: local abs, size 0
  0x0002 _Tx_INT_EN: local abs, size 0
  0x0002 _Reset: local abs, size 0
  0x0002 EOT_FOUND: local abs, size 0
  0x0002 WR2: local abs, size 0
  0x0002 _RTS_Enable: local abs, size 0
  0x0002 STX: local abs, size 0
  0x0002 _Parity_Even: local abs, size 0
  0x0002 _Tx_INT_EN: local abs, size 0
  0x0002 _Reset: local abs, size 0
  0x0002 EOT_FOUND: local abs, size 0
  0x0002 WR2: local abs, size 0
  0x0002 _RTS_Enable: local abs, size 0
  0x0002 STX: local abs, size 0
  0x0002 _Parity_Even: local abs, size 0
  0x0002 _Tx_INT_EN: local abs, size 0
  0x0002 _Reset: local abs, size 0
  0x0002 EOT_FOUND: local abs, size 0
  0x0002 WR2: local abs, size 0
  0x0002 _RTS_Enable: local abs, size 0
  0x0002 STX: local abs, size 0
  0x0002 _Parity_Even: local abs, size 0
  0x0002 _Tx_INT_EN: local abs, size 0
  0x0002 _Reset: local abs, size 0
  0x0002 EOT_FOUND: local abs, size 0
  0x0002 WR2: local abs, size 0
  0x0002 _RTS_Enable: local abs, size 0
  0x0002 STX: local abs, size 0
  0x0002 _Parity_Even: local abs, size 0
  0x0002 _Tx_INT_EN: local abs, size 0
  0x0002 _Reset: local abs, size 0
  0x0002 EOT_FOUND: local abs, size 0
  0x0002 WR2: local abs, size 0
  0x0002 _RTS_Enable: local abs, size 0
  0x0002 STX: local abs, size 0
  0x0002 _Parity_Even: local abs, size 0
  0x0002 _Tx_INT_EN: local abs, size 0
  0x0003 WR3: local abs, size 0
  0x0003 ETX: local abs, size 0
  0x0003 WR3: local abs, size 0
  0x0003 ETX: local abs, size 0
  0x0003 WR3: local abs, size 0
  0x0003 ETX: local abs, size 0
  0x0003 WR3: local abs, size 0
  0x0003 ETX: local abs, size 0
  0x0003 WR3: local abs, size 0
  0x0003 ETX: local abs, size 0
  0x0003 WR3: local abs, size 0
  0x0003 ETX: local abs, size 0
  0x0003 WR3: local abs, size 0
  0x0003 ETX: local abs, size 0
  0x0004 EOT: local abs, size 0
  0x0004 _Stop_1_bit: local abs, size 0
  0x0004 _Status_Vector: local abs, size 0
  0x0004 WR4: local abs, size 0
  0x0004 _TC_Follow: local abs, size 0
  0x0004 EOT: local abs, size 0
  0x0004 _Stop_1_bit: local abs, size 0
  0x0004 _Status_Vector: local abs, size 0
  0x0004 WR4: local abs, size 0
  0x0004 _TC_Follow: local abs, size 0
  0x0004 EOT: local abs, size 0
  0x0004 _Stop_1_bit: local abs, size 0
  0x0004 _Status_Vector: local abs, size 0
  0x0004 WR4: local abs, size 0
  0x0004 _TC_Follow: local abs, size 0
  0x0004 EOT: local abs, size 0
  0x0004 _Stop_1_bit: local abs, size 0
  0x0004 _Status_Vector: local abs, size 0
  0x0004 WR4: local abs, size 0
  0x0004 _TC_Follow: local abs, size 0
  0x0004 EOT: local abs, size 0
  0x0004 _Stop_1_bit: local abs, size 0
  0x0004 _Status_Vector: local abs, size 0
  0x0004 WR4: local abs, size 0
  0x0004 _TC_Follow: local abs, size 0
  0x0004 EOT: local abs, size 0
  0x0004 _Stop_1_bit: local abs, size 0
  0x0004 _Status_Vector: local abs, size 0
  0x0004 WR4: local abs, size 0
  0x0004 _TC_Follow: local abs, size 0
  0x0004 DDRA: local abs, size 0
  0x0004 EOT: local abs, size 0
  0x0004 _Stop_1_bit: local abs, size 0
  0x0004 _Status_Vector: local abs, size 0
  0x0004 WR4: local abs, size 0
  0x0004 _TC_Follow: local abs, size 0
  0x0005 ENQ: local abs, size 0
  0x0005 WR5: local abs, size 0
  0x0005 ENQ: local abs, size 0
  0x0005 WR5: local abs, size 0
  0x0005 ENQ: local abs, size 0
  0x0005 WR5: local abs, size 0
  0x0005 ENQ: local abs, size 0
  0x0005 WR5: local abs, size 0
  0x0005 ENQ: local abs, size 0
  0x0005 WR5: local abs, size 0
  0x0005 ENQ: local abs, size 0
  0x0005 WR5: local abs, size 0
  0x0005 DDRB: local abs, size 0
  0x0005 ENQ: local abs, size 0
  0x0005 WR5: local abs, size 0
  0x0006 ACK: local abs, size 0
  0x0006 ACK: local abs, size 0
  0x0006 ACK: local abs, size 0
  0x0006 ACK: local abs, size 0
  0x0006 ACK: local abs, size 0
  0x0006 ACK: local abs, size 0
  0x0006 ACK: local abs, size 0
  0x0007 BEL: local abs, size 0
  0x0007 BEL: local abs, size 0
  0x0007 BEL: local abs, size 0
  0x0007 BEL: local abs, size 0
  0x0007 BEL: local abs, size 0
  0x0007 BEL: local abs, size 0
  0x0007 BEL: local abs, size 0
  0x0008 _CLK_TRG_Start: local abs, size 0
  0x0008 _Stop_1_2_bit: local abs, size 0
  0x0008 _Tx_Enable: local abs, size 0
  0x0008 _err01_: local abs, size 0
  0x0008 _Rx_INT_First_Char: local abs, size 0
  0x0008 BS: local abs, size 0
  0x0008 _CLK_TRG_Start: local abs, size 0
  0x0008 _Stop_1_2_bit: local abs, size 0
  0x0008 _Tx_Enable: local abs, size 0
  0x0008 _err01_: local abs, size 0
  0x0008 _Rx_INT_First_Char: local abs, size 0
  0x0008 BS: local abs, size 0
  0x0008 _CLK_TRG_Start: local abs, size 0
  0x0008 _Stop_1_2_bit: local abs, size 0
  0x0008 _Tx_Enable: local abs, size 0
  0x0008 _err01_: local abs, size 0
  0x0008 _Rx_INT_First_Char: local abs, size 0
  0x0008 BS: local abs, size 0
  0x0008 _CLK_TRG_Start: local abs, size 0
  0x0008 _Stop_1_2_bit: local abs, size 0
  0x0008 _Tx_Enable: local abs, size 0
  0x0008 _err01_: local abs, size 0
  0x0008 _Rx_INT_First_Char: local abs, size 0
  0x0008 BS: local abs, size 0
  0x0008 _CLK_TRG_Start: local abs, size 0
  0x0008 _Stop_1_2_bit: local abs, size 0
  0x0008 _Tx_Enable: local abs, size 0
  0x0008 _err01_: local abs, size 0
  0x0008 _Rx_INT_First_Char: local abs, size 0
  0x0008 BS: local abs, size 0
  0x0008 _CLK_TRG_Start: local abs, size 0
  0x0008 _Stop_1_2_bit: local abs, size 0
  0x0008 _Tx_Enable: local abs, size 0
  0x0008 _err01_: local abs, size 0
  0x0008 _Rx_INT_First_Char: local abs, size 0
  0x0008 BS: local abs, size 0
  0x0008 _CLK_TRG_Start: local abs, size 0
  0x0008 _Stop_1_2_bit: local abs, size 0
  0x0008 _Tx_Enable: local abs, size 0
  0x0008 _err01_: local abs, size 0
  0x0008 _Rx_INT_First_Char: local abs, size 0
  0x0008 BS: local abs, size 0
  0x0009 HT: local abs, size 0
  0x0009 _err02_: local abs, size 0
  0x0009 HT: local abs, size 0
  0x0009 _err02_: local abs, size 0
  0x0009 HT: local abs, size 0
  0x0009 _err02_: local abs, size 0
  0x0009 HT: local abs, size 0
  0x0009 _err02_: local abs, size 0
  0x0009 HT: local abs, size 0
  0x0009 _err02_: local abs, size 0
  0x0009 HT: local abs, size 0
  0x0009 _err02_: local abs, size 0
  0x0009 HT: local abs, size 0
  0x0009 _err02_: local abs, size 0
  0x000a LFChar: local abs, size 0
  0x000a LF: local abs, size 0
  0x000a CTCpulse: local abs, size 0
  0x000a LFChar: local abs, size 0
  0x000a LF: local abs, size 0
  0x000a CTCpulse: local abs, size 0
  0x000a LFChar: local abs, size 0
  0x000a LF: local abs, size 0
  0x000a CTCpulse: local abs, size 0
  0x000a LFChar: local abs, size 0
  0x000a LF: local abs, size 0
  0x000a CTCpulse: local abs, size 0
  0x000a LFChar: local abs, size 0
  0x000a LF: local abs, size 0
  0x000a CTCpulse: local abs, size 0
  0x000a LFChar: local abs, size 0
  0x000a LF: local abs, size 0
  0x000a CTCpulse: local abs, size 0
  0x000a LFChar: local abs, size 0
  0x000a LF: local abs, size 0
  0x000a CTCpulse: local abs, size 0
  0x000b CTCtimeout: local abs, size 0
  0x000b VT: local abs, size 0
  0x000b CTCtimeout: local abs, size 0
  0x000b VT: local abs, size 0
  0x000b CTCtimeout: local abs, size 0
  0x000b VT: local abs, size 0
  0x000b CTCtimeout: local abs, size 0
  0x000b VT: local abs, size 0
  0x000b CTCtimeout: local abs, size 0
  0x000b VT: local abs, size 0
  0x000b CTCtimeout: local abs, size 0
  0x000b VT: local abs, size 0
  0x000b CTCtimeout: local abs, size 0
  0x000b VT: local abs, size 0
  0x000c _Stop_2_bit: local abs, size 0
  0x000c FF: local abs, size 0
  0x000c _err03_: local abs, size 0
  0x000c _Stop_2_bit: local abs, size 0
  0x000c FF: local abs, size 0
  0x000c _err03_: local abs, size 0
  0x000c _Stop_2_bit: local abs, size 0
  0x000c FF: local abs, size 0
  0x000c _err03_: local abs, size 0
  0x000c _Stop_2_bit: local abs, size 0
  0x000c FF: local abs, size 0
  0x000c _err03_: local abs, size 0
  0x000c _Stop_2_bit: local abs, size 0
  0x000c FF: local abs, size 0
  0x000c _err03_: local abs, size 0
  0x000c _Stop_2_bit: local abs, size 0
  0x000c FF: local abs, size 0
  0x000c _err03_: local abs, size 0
  0x000c _Stop_2_bit: local abs, size 0
  0x000c FF: local abs, size 0
  0x000c _err03_: local abs, size 0
  0x000d CR: local abs, size 0
  0x000d CRChar: local abs, size 0
  0x000d _err04_: local abs, size 0
  0x000d CR: local abs, size 0
  0x000d CRChar: local abs, size 0
  0x000d _err04_: local abs, size 0
  0x000d CR: local abs, size 0
  0x000d CRChar: local abs, size 0
  0x000d src_size: global abs, size 0
  0x000d _err04_: local abs, size 0
  0x000d CR: local abs, size 0
  0x000d CRChar: local abs, size 0
  0x000d _err04_: local abs, size 0
  0x000d CR: local abs, size 0
  0x000d CRChar: local abs, size 0
  0x000d _err04_: local abs, size 0
  0x000d CR: local abs, size 0
  0x000d CRChar: local abs, size 0
  0x000d _err04_: local abs, size 0
  0x000d CR: local abs, size 0
  0x000d CRChar: local abs, size 0
  0x000d _err04_: local abs, size 0
  0x000e _err05_: local abs, size 0
  0x000e SO: local abs, size 0
  0x000e _err05_: local abs, size 0
  0x000e SO: local abs, size 0
  0x000e _err05_: local abs, size 0
  0x000e SO: local abs, size 0
  0x000e _err05_: local abs, size 0
  0x000e SO: local abs, size 0
  0x000e _err05_: local abs, size 0
  0x000e SO: local abs, size 0
  0x000e _err05_: local abs, size 0
  0x000e SO: local abs, size 0
  0x000e _err05_: local abs, size 0
  0x000e SO: local abs, size 0
  0x000f SI: local abs, size 0
  0x000f SI: local abs, size 0
  0x000f SI: local abs, size 0
  0x000f SI: local abs, size 0
  0x000f SI: local abs, size 0
  0x000f SI: local abs, size 0
  0x000f SI: local abs, size 0
  0x0010 DLE: local abs, size 0
  0x0010 _Rising: local abs, size 0
  0x0010 _INT_All_Rx_Char_P: local abs, size 0
  0x0010 _Reset_STAT_INT: local abs, size 0
  0x0010 _Send_Break: local abs, size 0
  0x0010 DLE: local abs, size 0
  0x0010 _Rising: local abs, size 0
  0x0010 _INT_All_Rx_Char_P: local abs, size 0
  0x0010 _Reset_STAT_INT: local abs, size 0
  0x0010 _Send_Break: local abs, size 0
  0x0010 DLE: local abs, size 0
  0x0010 _Rising: local abs, size 0
  0x0010 _INT_All_Rx_Char_P: local abs, size 0
  0x0010 _Reset_STAT_INT: local abs, size 0
  0x0010 _Send_Break: local abs, size 0
  0x0010 DLE: local abs, size 0
  0x0010 _Rising: local abs, size 0
  0x0010 _INT_All_Rx_Char_P: local abs, size 0
  0x0010 _Reset_STAT_INT: local abs, size 0
  0x0010 _Send_Break: local abs, size 0
  0x0010 DLE: local abs, size 0
  0x0010 _Rising: local abs, size 0
  0x0010 _INT_All_Rx_Char_P: local abs, size 0
  0x0010 _Reset_STAT_INT: local abs, size 0
  0x0010 _Send_Break: local abs, size 0
  0x0010 DLE: local abs, size 0
  0x0010 _Rising: local abs, size 0
  0x0010 _INT_All_Rx_Char_P: local abs, size 0
  0x0010 _Reset_STAT_INT: local abs, size 0
  0x0010 _Send_Break: local abs, size 0
  0x0010 DLE: local abs, size 0
  0x0010 _Rising: local abs, size 0
  0x0010 _INT_All_Rx_Char_P: local abs, size 0
  0x0010 _Reset_STAT_INT: local abs, size 0
  0x0010 _Send_Break: local abs, size 0
  0x0011 DC1: local abs, size 0
  0x0011 DC1: local abs, size 0
  0x0011 DC1: local abs, size 0
  0x0011 DC1: local abs, size 0
  0x0011 DC1: local abs, size 0
  0x0011 DC1: local abs, size 0
  0x0011 DC1: local abs, size 0
  0x0012 DC2: local abs, size 0
  0x0012 DC2: local abs, size 0
  0x0012 DC2: local abs, size 0
  0x0012 DC2: local abs, size 0
  0x0012 DC2: local abs, size 0
  0x0012 DC2: local abs, size 0
  0x0012 DC2: local abs, size 0
  0x0013 DC3: local abs, size 0
  0x0013 DC3: local abs, size 0
  0x0013 DC3: local abs, size 0
  0x0013 DC3: local abs, size 0
  0x0013 DC3: local abs, size 0
  0x0013 DC3: local abs, size 0
  0x0013 DC3: local abs, size 0
  0x0014 DC4: local abs, size 0
  0x0014 DC4: local abs, size 0
  0x0014 DC4: local abs, size 0
  0x0014 DC4: local abs, size 0
  0x0014 DC4: local abs, size 0
  0x0014 USB_INT_SUCCESS: local abs, size 0
  0x0014 DC4: local abs, size 0
  0x0014 DC4: local abs, size 0
  0x0015 NAK: local abs, size 0
  0x0015 NAK: local abs, size 0
  0x0015 NAK: local abs, size 0
  0x0015 NAK: local abs, size 0
  0x0015 USB_INT_CONNECT: local abs, size 0
  0x0015 NAK: local abs, size 0
  0x0015 NAK: local abs, size 0
  0x0015 NAK: local abs, size 0
  0x0016 SYN: local abs, size 0
  0x0016 SYN: local abs, size 0
  0x0016 SYN: local abs, size 0
  0x0016 SYN: local abs, size 0
  0x0016 USB_INT_DISCONNECT: local abs, size 0
  0x0016 SYN: local abs, size 0
  0x0016 SYN: local abs, size 0
  0x0016 SYN: local abs, size 0
  0x0017 ETB: local abs, size 0
  0x0017 ETB: local abs, size 0
  0x0017 ETB: local abs, size 0
  0x0017 ETB: local abs, size 0
  0x0017 ETB: local abs, size 0
  0x0017 USB_INT_BUF_OVER: local abs, size 0
  0x0017 ETB: local abs, size 0
  0x0017 ETB: local abs, size 0
  0x0018 _Int_All_Rx_Char_NP: local abs, size 0
  0x0018 _Ch_Reset: local abs, size 0
  0x0018 CAN: local abs, size 0
  0x0018 _Int_All_Rx_Char_NP: local abs, size 0
  0x0018 _Ch_Reset: local abs, size 0
  0x0018 CAN: local abs, size 0
  0x0018 _Int_All_Rx_Char_NP: local abs, size 0
  0x0018 _Ch_Reset: local abs, size 0
  0x0018 CAN: local abs, size 0
  0x0018 _Int_All_Rx_Char_NP: local abs, size 0
  0x0018 _Ch_Reset: local abs, size 0
  0x0018 CAN: local abs, size 0
  0x0018 _Int_All_Rx_Char_NP: local abs, size 0
  0x0018 _Ch_Reset: local abs, size 0
  0x0018 USB_INT_USB_READY: local abs, size 0
  0x0018 CAN: local abs, size 0
  0x0018 _Int_All_Rx_Char_NP: local abs, size 0
  0x0018 _Ch_Reset: local abs, size 0
  0x0018 CAN: local abs, size 0
  0x0018 _Int_All_Rx_Char_NP: local abs, size 0
  0x0018 _Ch_Reset: local abs, size 0
  0x0018 CAN: local abs, size 0
  0x0019 EM: local abs, size 0
  0x0019 EM: local abs, size 0
  0x0019 EM: local abs, size 0
  0x0019 EM: local abs, size 0
  0x0019 EM: local abs, size 0
  0x0019 EM: local abs, size 0
  0x0019 EM: local abs, size 0
  0x001a SUB: local abs, size 0
  0x001a SUB: local abs, size 0
  0x001a SUB: local abs, size 0
  0x001a SUB: local abs, size 0
  0x001a SUB: local abs, size 0
  0x001a SUB: local abs, size 0
  0x001a SUB: local abs, size 0
  0x001b EscChar: local abs, size 0
  0x001b ESC: local abs, size 0
  0x001b EscChar: local abs, size 0
  0x001b ESC: local abs, size 0
  0x001b EscChar: local abs, size 0
  0x001b ESC: local abs, size 0
  0x001b EscChar: local abs, size 0
  0x001b ESC: local abs, size 0
  0x001b EscChar: local abs, size 0
  0x001b ESC: local abs, size 0
  0x001b EscChar: local abs, size 0
  0x001b ESC: local abs, size 0
  0x001b EscChar: local abs, size 0
  0x001b DACADDR: local abs, size 0
  0x001b ESC: local abs, size 0
  0x001c FS: local abs, size 0
  0x001c ITEM: local abs, size 0
  0x001c FS: local abs, size 0
  0x001c ITEM: local abs, size 0
  0x001c FS: local abs, size 0
  0x001c ITEM: local abs, size 0
  0x001c FS: local abs, size 0
  0x001c ITEM: local abs, size 0
  0x001c FS: local abs, size 0
  0x001c ITEM: local abs, size 0
  0x001c FS: local abs, size 0
  0x001c ITEM: local abs, size 0
  0x001c FS: local abs, size 0
  0x001c ITEM: local abs, size 0
  0x001d GS: local abs, size 0
  0x001d STEND: local abs, size 0
  0x001d GS: local abs, size 0
  0x001d STEND: local abs, size 0
  0x001d GS: local abs, size 0
  0x001d STEND: local abs, size 0
  0x001d GS: local abs, size 0
  0x001d STEND: local abs, size 0
  0x001d GS: local abs, size 0
  0x001d USB_INT_DISK_READ: local abs, size 0
  0x001d STEND: local abs, size 0
  0x001d GS: local abs, size 0
  0x001d STEND: local abs, size 0
  0x001d GS: local abs, size 0
  0x001d STEND: local abs, size 0
  0x001e RS: local abs, size 0
  0x001e LISTEND: local abs, size 0
  0x001e RS: local abs, size 0
  0x001e LISTEND: local abs, size 0
  0x001e RS: local abs, size 0
  0x001e LISTEND: local abs, size 0
  0x001e RS: local abs, size 0
  0x001e LISTEND: local abs, size 0
  0x001e USB_INT_DISK_WRITE: local abs, size 0
  0x001e RS: local abs, size 0
  0x001e LISTEND: local abs, size 0
  0x001e RS: local abs, size 0
  0x001e LISTEND: local abs, size 0
  0x001e RS: local abs, size 0
  0x001e LISTEND: local abs, size 0
  0x001f US: local abs, size 0
  0x001f US: local abs, size 0
  0x001f US: local abs, size 0
  0x001f US: local abs, size 0
  0x001f US: local abs, size 0
  0x001f USB_INT_DISK_ERR: local abs, size 0
  0x001f US: local abs, size 0
  0x001f US: local abs, size 0
  0x0020 SP: local abs, size 0
  0x0020 _Prescaler: local abs, size 0
  0x0020 _Tx_7bits_char: local abs, size 0
  0x0020 _EN_INT_Nx_Char: local abs, size 0
  0x0020 _WAIT_READY_R_T: local abs, size 0
  0x0020 _Auto_Enable: local abs, size 0
  0x0020 SP: local abs, size 0
  0x0020 _Prescaler: local abs, size 0
  0x0020 _Tx_7bits_char: local abs, size 0
  0x0020 _EN_INT_Nx_Char: local abs, size 0
  0x0020 _WAIT_READY_R_T: local abs, size 0
  0x0020 _Auto_Enable: local abs, size 0
  0x0020 SP: local abs, size 0
  0x0020 _Prescaler: local abs, size 0
  0x0020 _Tx_7bits_char: local abs, size 0
  0x0020 _EN_INT_Nx_Char: local abs, size 0
  0x0020 _WAIT_READY_R_T: local abs, size 0
  0x0020 _Auto_Enable: local abs, size 0
  0x0020 SP: local abs, size 0
  0x0020 _Prescaler: local abs, size 0
  0x0020 _Tx_7bits_char: local abs, size 0
  0x0020 _EN_INT_Nx_Char: local abs, size 0
  0x0020 _WAIT_READY_R_T: local abs, size 0
  0x0020 _Auto_Enable: local abs, size 0
  0x0020 SP: local abs, size 0
  0x0020 _Prescaler: local abs, size 0
  0x0020 _Tx_7bits_char: local abs, size 0
  0x0020 _EN_INT_Nx_Char: local abs, size 0
  0x0020 _WAIT_READY_R_T: local abs, size 0
  0x0020 _Auto_Enable: local abs, size 0
  0x0020 SP: local abs, size 0
  0x0020 _Prescaler: local abs, size 0
  0x0020 _Tx_7bits_char: local abs, size 0
  0x0020 _EN_INT_Nx_Char: local abs, size 0
  0x0020 _WAIT_READY_R_T: local abs, size 0
  0x0020 _Auto_Enable: local abs, size 0
  0x0020 SP: local abs, size 0
  0x0020 _Prescaler: local abs, size 0
  0x0020 _Tx_7bits_char: local abs, size 0
  0x0020 _EN_INT_Nx_Char: local abs, size 0
  0x0020 _WAIT_READY_R_T: local abs, size 0
  0x0020 _Auto_Enable: local abs, size 0
  0x0028 _Reset_TxINT_Pend: local abs, size 0
  0x0028 _Reset_TxINT_Pend: local abs, size 0
  0x0028 _Reset_TxINT_Pend: local abs, size 0
  0x0028 _Reset_TxINT_Pend: local abs, size 0
  0x0028 _Reset_TxINT_Pend: local abs, size 0
  0x0028 _Reset_TxINT_Pend: local abs, size 0
  0x0028 _Reset_TxINT_Pend: local abs, size 0
  0x0030 _Error_Reset: local abs, size 0
  0x0030 _Error_Reset: local abs, size 0
  0x0030 _Error_Reset: local abs, size 0
  0x0030 _Error_Reset: local abs, size 0
  0x0030 _Error_Reset: local abs, size 0
  0x0030 _Error_Reset: local abs, size 0
  0x0030 _Error_Reset: local abs, size 0
  0x0038 _Ret_F_Int: local abs, size 0
  0x0038 _Ret_F_Int: local abs, size 0
  0x0038 _Ret_F_Int: local abs, size 0
  0x0038 _Ret_F_Int: local abs, size 0
  0x0038 _Ret_F_Int: local abs, size 0
  0x0038 _Ret_F_Int: local abs, size 0
  0x0038 _Ret_F_Int: local abs, size 0
  0x0040 _Tx_6bits_char: local abs, size 0
  0x0040 _WAIT_READY_FUNC: local abs, size 0
  0x0040 _X16_Clock_mode: local abs, size 0
  0x0040 _Counter: local abs, size 0
  0x0040 _RX_6_bits: local abs, size 0
  0x0040 _Tx_6bits_char: local abs, size 0
  0x0040 _WAIT_READY_FUNC: local abs, size 0
  0x0040 _X16_Clock_mode: local abs, size 0
  0x0040 _Counter: local abs, size 0
  0x0040 _RX_6_bits: local abs, size 0
  0x0040 _Tx_6bits_char: local abs, size 0
  0x0040 _WAIT_READY_FUNC: local abs, size 0
  0x0040 _X16_Clock_mode: local abs, size 0
  0x0040 _Counter: local abs, size 0
  0x0040 _RX_6_bits: local abs, size 0
  0x0040 _Tx_6bits_char: local abs, size 0
  0x0040 _WAIT_READY_FUNC: local abs, size 0
  0x0040 _X16_Clock_mode: local abs, size 0
  0x0040 _Counter: local abs, size 0
  0x0040 _RX_6_bits: local abs, size 0
  0x0040 _Tx_6bits_char: local abs, size 0
  0x0040 _WAIT_READY_FUNC: local abs, size 0
  0x0040 _X16_Clock_mode: local abs, size 0
  0x0040 _Counter: local abs, size 0
  0x0040 _RX_6_bits: local abs, size 0
  0x0040 _Tx_6bits_char: local abs, size 0
  0x0040 _WAIT_READY_FUNC: local abs, size 0
  0x0040 _X16_Clock_mode: local abs, size 0
  0x0040 _Counter: local abs, size 0
  0x0040 _RX_6_bits: local abs, size 0
  0x0040 _Tx_6bits_char: local abs, size 0
  0x0040 _WAIT_READY_FUNC: local abs, size 0
  0x0040 _X16_Clock_mode: local abs, size 0
  0x0040 _Counter: local abs, size 0
  0x0040 _RX_6_bits: local abs, size 0
  0x0041 TestChar: local abs, size 0
  0x0041 TestChar: local abs, size 0
  0x0041 TestChar: local abs, size 0
  0x0041 TestChar: local abs, size 0
  0x0041 ERR_OPEN_DIR: local abs, size 0
  0x0041 TestChar: local abs, size 0
  0x0041 TestChar: local abs, size 0
  0x0041 TestChar: local abs, size 0
  0x0042 ERR_MISS_FILE: local abs, size 0
  0x0043 ERR_FOUND_NAME: local abs, size 0
  0x0051 CMD_RET_SUCCESS: local abs, size 0
  0x005f CMD_RET_ABORT: local abs, size 0
  0x0060 _Tx_8bits_char: local abs, size 0
  0x0060 _Tx_8bits_char: local abs, size 0
  0x0060 _Tx_8bits_char: local abs, size 0
  0x0060 _Tx_8bits_char: local abs, size 0
  0x0060 _Tx_8bits_char: local abs, size 0
  0x0060 _Tx_8bits_char: local abs, size 0
  0x0060 _Tx_8bits_char: local abs, size 0
  0x0080 _DTR_Enable: local abs, size 0
  0x0080 _RX_7_bits: local abs, size 0
  0x0080 _X32_Clock_mode: local abs, size 0
  0x0080 _INT_EN: local abs, size 0
  0x0080 _WAIT_READY_EN: local abs, size 0
  0x0080 _DTR_Enable: local abs, size 0
  0x0080 _RX_7_bits: local abs, size 0
  0x0080 _X32_Clock_mode: local abs, size 0
  0x0080 _INT_EN: local abs, size 0
  0x0080 _WAIT_READY_EN: local abs, size 0
  0x0080 _DTR_Enable: local abs, size 0
  0x0080 _RX_7_bits: local abs, size 0
  0x0080 _X32_Clock_mode: local abs, size 0
  0x0080 _INT_EN: local abs, size 0
  0x0080 _WAIT_READY_EN: local abs, size 0
  0x0080 _DTR_Enable: local abs, size 0
  0x0080 _RX_7_bits: local abs, size 0
  0x0080 _X32_Clock_mode: local abs, size 0
  0x0080 _INT_EN: local abs, size 0
  0x0080 _WAIT_READY_EN: local abs, size 0
  0x0080 _DTR_Enable: local abs, size 0
  0x0080 _RX_7_bits: local abs, size 0
  0x0080 _X32_Clock_mode: local abs, size 0
  0x0080 _INT_EN: local abs, size 0
  0x0080 _WAIT_READY_EN: local abs, size 0
  0x0080 _DTR_Enable: local abs, size 0
  0x0080 _RX_7_bits: local abs, size 0
  0x0080 _X32_Clock_mode: local abs, size 0
  0x0080 _INT_EN: local abs, size 0
  0x0080 _WAIT_READY_EN: local abs, size 0
  0x0080 _DTR_Enable: local abs, size 0
  0x0080 _RX_7_bits: local abs, size 0
  0x0080 _X32_Clock_mode: local abs, size 0
  0x0080 _INT_EN: local abs, size 0
  0x0080 _WAIT_READY_EN: local abs, size 0
  0x0082 ERR_DISK_DISCON: local abs, size 0
  0x0084 ERR_LARGE_SECTOR: local abs, size 0
  0x0092 ERR_TYPE_ERROR: local abs, size 0
  0x00a1 ERR_BPB_EROR: local abs, size 0
  0x00b1 ERR_DISK_FULL: local abs, size 0
  0x00b2 ERR_FDT_OVER: local abs, size 0
  0x00b4 ERR_FILE_CLOSE: local abs, size 0
  0x00c0 _X64_Clock_mode: local abs, size 0
  0x00c0 _RX_8_bits: local abs, size 0
  0x00c0 _X64_Clock_mode: local abs, size 0
  0x00c0 _RX_8_bits: local abs, size 0
  0x00c0 _X64_Clock_mode: local abs, size 0
  0x00c0 _RX_8_bits: local abs, size 0
  0x00c0 _X64_Clock_mode: local abs, size 0
  0x00c0 _RX_8_bits: local abs, size 0
  0x00c0 _X64_Clock_mode: local abs, size 0
  0x00c0 _RX_8_bits: local abs, size 0
  0x00c0 _X64_Clock_mode: local abs, size 0
  0x00c0 _RX_8_bits: local abs, size 0
  0x00c0 _X64_Clock_mode: local abs, size 0
  0x00c0 _RX_8_bits: local abs, size 0
  0x00c0 RAMSPACE: local abs, size 0
  0x00ee CTC_TIMEOUT: local abs, size 0
  0x00ee CDEL: local abs, size 0
  0x00ee CTC_TIMEOUT: local abs, size 0
  0x00ee CDEL: local abs, size 0
  0x00ee CTC_TIMEOUT: local abs, size 0
  0x00ee CDEL: local abs, size 0
  0x00ee CTC_TIMEOUT: local abs, size 0
  0x00ee CDEL: local abs, size 0
  0x00ee CTC_TIMEOUT: local abs, size 0
  0x00ee CDEL: local abs, size 0
  0x00ee CTC_TIMEOUT: local abs, size 0
  0x00ee CDEL: local abs, size 0
  0x00ee CTC_TIMEOUT: local abs, size 0
  0x00ee CDEL: local abs, size 0
  0x0300 ROMSPACE: local abs, size 0
  0xd000 hit: local reloc, size 0
  0xd004 hit3: local reloc, size 0
  0xd16a hit2: local reloc, size 0
  0xd185 TX_EMP: local reloc, size 0
  0xd190 _EEtestprog_end: global reloc, size 0
  0xd1a0 MONITOR_Start: global reloc, size 0
  0xd2a1 next_line: local reloc, size 0
  0xd2b2 useFlash: local reloc, size 0
  0xd319 scanCommandList: local reloc, size 0
  0xd31e findCommandInList: local reloc, size 0
  0xd329 zero_byte: local reloc, size 0
  0xd32a findNextITEM: local reloc, size 0
  0xd34a nextInList: local reloc, size 0
  0xd34e inputerror: local reloc, size 0
  0xd381 command_list: local reloc, size 0
  0xd531 initCommParseTable: local reloc, size 0
  0xd544 matchInList: local reloc, size 0
  0xd55b paramLoopEntry: local reloc, size 0
  0xd58f checkaddress: local reloc, size 0
  0xd59a chkADR: local reloc, size 0
  0xd59b chkADR1: local reloc, size 0
  0xd5ab chkADR2: local reloc, size 0
  0xd5bd getLvalue: local reloc, size 0
  0xd5cd chkLVL2: local reloc, size 0
  0xd5dd makeASCIItoHEX: local reloc, size 0
  0xd5eb nextHalfByte: local reloc, size 0
  0xd60c byteEnd: local reloc, size 0
  0xd629 noHighNib: local reloc, size 0
  0xd62d changePCVal: local reloc, size 0
  0xd649 executeCommand: local reloc, size 0
  0xd65a temp_finish: local reloc, size 0
  0xd65d JPTable01: local reloc, size 0
  0xd677 argumentsError: local reloc, size 0
  0xd698 p_reset: local reloc, size 0
  0xd6ac p_load: local reloc, size 0
  0xd6ad p_dumpmem: local reloc, size 0
  0xd6b1 p_pc: local reloc, size 0
  0xd6b2 p_eep: local reloc, size 0
  0xd6b9 p_clearmem: local reloc, size 0
  0xd6cc p_exe: local reloc, size 0
  0xd6cd p_go: local reloc, size 0
  0xd6de p_incDecPC: local reloc, size 0
  0xd703 p_flwr: local reloc, size 0
  0xd70e errNoFlash: local reloc, size 0
  0xd738 p_flse: local reloc, size 0
  0xd741 p_xmod: local reloc, size 0
  0xd74d p_C_Read: local reloc, size 0
  0xd796 abort: local reloc, size 0
  0xd7a6 p_C_Write: local reloc, size 0
  0xd7fe p_C_Delete: local reloc, size 0
  0xd835 p_cptFl: local reloc, size 0
  0xd83d p_srbank: local reloc, size 0
  0xd843 p_srbank0: local reloc, size 0
  0xd850 p_flbank: local reloc, size 0
  0xd865 putBank: local reloc, size 0
  0xd86c p_FON: local reloc, size 0
  0xd8c1 putBankF: local reloc, size 0
  0xd8c6 p_FOFF: local reloc, size 0
  0xd8f4 p_FOFF_No_Print: local reloc, size 0
  0xd8ff checkArgsTAL: local reloc, size 0
  0xd933 shift_0_1: local reloc, size 0
  0xd940 shiftIn1: local reloc, size 0
  0xd944 bit_test9: local reloc, size 0
  0xd948 _MonEnd: global reloc, size 0
  0xd948 textloop: local reloc, size 0
  0xd960 Flash_WR_Test: global reloc, size 0
  0xd96b nextSector: local reloc, size 0
  0xd974 wrOneByte: local reloc, size 0
  0xd988 checkSector: local reloc, size 0
  0xd996 finishWrite: local reloc, size 0
  0xd997 Flash_SE_Erase: global reloc, size 0
  0xd9b7 WR_sequence: local reloc, size 0
  0xd9c7 WR_toggle: local reloc, size 0
  0xd9c9 new_toggle: local reloc, size 0
  0xd9d2 disableIC620_OE: global reloc, size 0
  0xd9d7 enableIC620_OE: global reloc, size 0
  0xd9dc _Funk_end: global reloc, size 0
  0xd9e0 BN2BCD: global reloc, size 0
  0xd9e2 D100LP: local reloc, size 0
  0xd9eb D10LP: local reloc, size 0
  0xd9f9 BCD2BN: global reloc, size 0
  0xda07 SC4B: local reloc, size 0
  0xda07 Bin2Hex16: global reloc, size 0
  0xda0d Bin2Hex8: global reloc, size 0
  0xda0e entr8: local reloc, size 0
  0xda16 cnv_byte: local reloc, size 0
  0xda27 AddToT_Buf: global reloc, size 0
  0xda32 HEX2BN: global reloc, size 0
  0xda41 A2HEX: local reloc, size 0
  0xda49 A2HEX1: local reloc, size 0
  0xda4a SC4D: local reloc, size 0
  0xda4a BN2DEC: global reloc, size 0
  0xda62 CNVERT_4E: local reloc, size 0
  0xda67 DVL00P: local reloc, size 0
  0xda74 DECCNT: local reloc, size 0
  0xda7a CHINS: local reloc, size 0
  0xda84 EXIT: local reloc, size 0
  0xda90 P0S: local reloc, size 0
  0xda91 INSERT: local reloc, size 0
  0xdaa8 EXITMR: local reloc, size 0
  0xdab5 BUFPTR: local reloc, size 0
  0xdab7 CURLEN: local reloc, size 0
  0xdab8 NGFLAG: local reloc, size 0
  0xdab9 BUFFER: local reloc, size 0
  0xdac0 DEC2BN: global reloc, size 0
  0xdacd INIT1: local reloc, size 0
  0xdad9 PLUS: local reloc, size 0
  0xdadd SKIP: local reloc, size 0
  0xdae1 CNVERT_4F: local reloc, size 0
  0xdae2 CHKDIG: local reloc, size 0
  0xdb0a OKEXIT: local reloc, size 0
  0xdb0c EREXIT: local reloc, size 0
  0xdb0f NGFLAG_4F: local reloc, size 0
  0xdb10 LC2UC: global reloc, size 0
  0xdb1a EXIT_4G: local reloc, size 0
  0xdb1b SC4G: local reloc, size 0
  0xdb1b putDEtoScreen: global reloc, size 0
  0xdb2a putDEtoScreenDEC: global reloc, size 0
  0xdb39 DumpRegisters: global reloc, size 0
  0xdb9d all_flags: local reloc, size 0
  0xdbce disp_flags: local reloc, size 0
  0xdbd9 adv_iy: local reloc, size 0
  0xdbde display_4_registers: local reloc, size 0
  0xdbe0 display_regs: local reloc, size 0
  0xdc06 display_n_8registers: global reloc, size 0
  0xdc27 add_space: global reloc, size 0
  0xdc2e adjust_txtbuf_length: local reloc, size 0
  0xdc37 MFILL: global reloc, size 0
  0xdc42 BLKMOV: global reloc, size 0
  0xdc42 SC5A: local reloc, size 0
  0xdc5a DOLEFT: local reloc, size 0
  0xdc5d _CodeConv_end: global reloc, size 0
  0xdc60 strCompare: global reloc, size 0
  0xdc6c str2ISshorter: local reloc, size 0
  0xdc71 cmpLoop: local reloc, size 0
  0xdc78 cmpLength: local reloc, size 0
  0xdc80 LENS1: local reloc, size 0
  0xdc81 LENS2: local reloc, size 0
  0xdc82 delimChars: local reloc, size 0
  0xdc8c isDelimit: global reloc, size 0
  0xdc94 nxtdelim: local reloc, size 0
  0xdc9e exitDelim: local reloc, size 0
  0xdca2 exitZero: local reloc, size 0
  0xdca6 skipPriorDelimit: global reloc, size 0
  0xdcaf skipCharsUntilDelim: global reloc, size 0
  0xdcb8 isHex: global reloc, size 0
  0xdcdc isChar: global reloc, size 0
  0xdcf0 CONCAT: global reloc, size 0
  0xdd0f TOOLNG: local reloc, size 0
  0xdd24 LENOK: local reloc, size 0
  0xdd2b DOCAT: local reloc, size 0
  0xdd37 EXIT: local reloc, size 0
  0xdd43 S1ADR: local reloc, size 0
  0xdd45 S1LEN: local reloc, size 0
  0xdd46 S2LEN: local reloc, size 0
  0xdd47 STRGOV: local reloc, size 0
  0xdd48 POS: global reloc, size 0
  0xdd65 SLP1: local reloc, size 0
  0xdd78 cmpLoop_8C: local reloc, size 0
  0xdd83 SLP2: local reloc, size 0
  0xdd87 FOUND: local reloc, size 0
  0xdd8b NOTFND: local reloc, size 0
  0xdd8d STRING: local reloc, size 0
  0xdd8f SUBSTG: local reloc, size 0
  0xdd91 SLEN: local reloc, size 0
  0xdd92 SUBLEN: local reloc, size 0
  0xdd93 INDEX: local reloc, size 0
  0xdd94 COPY: global reloc, size 0
  0xddb5 RECALC: local reloc, size 0
  0xddbe CNT1OK: local reloc, size 0
  0xddca CNT2OK: local reloc, size 0
  0xddd9 OKEXIT_8D: local reloc, size 0
  0xdddb EREXIT: local reloc, size 0
  0xdddd MAXLEN: local reloc, size 0
  0xddde CPYERR: local reloc, size 0
  0xdddf IDX_8D: local reloc, size 0
  0xdde0 CNT_8D: local reloc, size 0
  0xdde1 MXLEN_8D: local reloc, size 0
  0xdde2 SSTG_8D: local reloc, size 0
  0xde02 DSTG_8D: local reloc, size 0
  0xde22 DELETE: global reloc, size 0
  0xde3f TRUNC: local reloc, size 0
  0xde47 CNTOK: local reloc, size 0
  0xde5a OKEXIT_8E: local reloc, size 0
  0xde5c DELERR: local reloc, size 0
  0xde5d IDX_8E: local reloc, size 0
  0xde5e CNT_8E: local reloc, size 0
  0xde5f SSTG_8E: local reloc, size 0
  0xde6d INSERT_STR: global reloc, size 0
  0xde74 IDX0: local reloc, size 0
  0xde78 CHKLEN: local reloc, size 0
  0xde82 TRUNC_8F: local reloc, size 0
  0xde8c IDXLEN: local reloc, size 0
  0xde9c IDXL1: local reloc, size 0
  0xdea3 LENOK_8F: local reloc, size 0
  0xdebc MVESUB: local reloc, size 0
  0xdec7 INSERR: local reloc, size 0
  0xdec8 IDX_8F: local reloc, size 0
  0xdec9 MXLEN_8F: local reloc, size 0
  0xdeca STG_8F: local reloc, size 0
  0xdef2 SSTG_8F: local reloc, size 0
  0xdf1a Init_RAM_HEAP: global reloc, size 0
  0xdf2a zero_byte: local reloc, size 0
  0xdf2b dumpMemory: global reloc, size 0
  0xdf5b display_BC_bytes: local reloc, size 0
  0xdf93 displayBytes: local reloc, size 0
  0xdf95 displayLoop: local reloc, size 0
  0xdfb5 firstRound: local reloc, size 0
  0xdfc1 checkZero16: local reloc, size 0
  0xdfc9 dumpText: local reloc, size 0
  0xe049 String_HEAP_Start: local reloc, size 0
  0xe049 DateBuf: global reloc, size 0
  0xe060 MsgText1: global reloc, size 0
  0xe07a st2g1: global reloc, size 0
  0xe08c st1g2: global reloc, size 0
  0xe09e steq: global reloc, size 0
  0xe0b0 subst: global reloc, size 0
  0xe0b7 RegLabels1: global reloc, size 0
  0xe0de RegLabels2: global reloc, size 0
  0xe105 RegLabels3: global reloc, size 0
  0xe12c RegFlags: global reloc, size 0
  0xe13d Str0: global reloc, size 0
  0xe156 Str2: global reloc, size 0
  0xe170 Str3: global reloc, size 0
  0xe189 Str4: global reloc, size 0
  0xe1a1 Str7: global reloc, size 0
  0xe1b9 sourctext1: global reloc, size 0
  0xe1c6 sourctext2: global reloc, size 0
  0xe1d7 _Strings_end: global reloc, size 0
  0xe1d7 String_HEAP_end: local reloc, size 0
  0xe1d7 endtext: global reloc, size 0
  0xe1e0 waitForKey: global reloc, size 0
  0xe1ec R_LOOP: local reloc, size 0
  0xe1ec ReadLine: global reloc, size 0
  0xe1fb waitEntry: local reloc, size 0
  0xe210 cont2: local reloc, size 0
  0xe21f c_nextchar: local reloc, size 0
  0xe230 cont1: local reloc, size 0
  0xe23c ReadChar: global reloc, size 0
  0xe253 RetInpStatus: global reloc, size 0
  0xe25a S_head_tail: global reloc, size 0
  0xe260 bmve: local reloc, size 0
  0xe271 WriteLine: global reloc, size 0
  0xe273 nxtchr: local reloc, size 0
  0xe282 WriteLineCRNL: global reloc, size 0
  0xe285 CRLF: global reloc, size 0
  0xe285 CRNL: local reloc, size 0
  0xe289 WriteChar: global reloc, size 0
  0xe28d WaitOutBuff: local reloc, size 0
  0xe2ae GetOutStatus: local reloc, size 0
  0xe2b5 InitBuffers: global reloc, size 0
  0xe2c9 cleanInBuffer: global reloc, size 0
  0xe2da cleanOutBuffer: global reloc, size 0
  0xe2e8 waitForFinishedPrintout: global reloc, size 0
  0xe2ef InitInterrupt: global reloc, size 0
  0xe33e SIO_Init: global reloc, size 0
  0xe346 ReadINTHandler: local reloc, size 0
  0xe367 exitRHandler: local reloc, size 0
  0xe373 WriteINTHandler: local reloc, size 0
  0xe382 nodata: local reloc, size 0
  0xe38c wrdone: local reloc, size 0
  0xe398 ReadUSBHandler: global reloc, size 0
  0xe3a2 Write_USB_Handler: local reloc, size 0
  0xe3a6 Extern_B_USB_Handler: local reloc, size 0
  0xe3aa SpecINT_B_USB_Handler: local reloc, size 0
  0xe3ae SIO_A_EI: global reloc, size 0
  0xe3b7 SIO_A_DI: global reloc, size 0
  0xe3c0 SIO_A_TXRX_INTon: global reloc, size 0
  0xe3c9 SIO_A_TXRX_INToff: global reloc, size 0
  0xe3d2 SIO_A_TX_INTon: global reloc, size 0
  0xe3db SIO_A_RX_INTon: global reloc, size 0
  0xe3e4 SIO_A_RTS_OFF: global reloc, size 0
  0xe3ef SIO_A_RTS_ON: global reloc, size 0
  0xe3f8 SIO_B_RX_INTon: global reloc, size 0
  0xe401 SIO_B_TXRX_INToff: global reloc, size 0
  0xe40a SIO_B_EI: global reloc, size 0
  0xe413 SIO_B_DI: global reloc, size 0
  0xe41c purgeRXA: global reloc, size 0
  0xe429 purgeRXB: global reloc, size 0
  0xe436 TX_NAK: global reloc, size 0
  0xe43e TX_ACK: global reloc, size 0
  0xe446 TX_C: global reloc, size 0
  0xe44e TX_X: global reloc, size 0
  0xe456 TX_EMP: global reloc, size 0
  0xe462 CTC1_INT_OFF: global reloc, size 0
  0xe46b ExternINTHandler: local reloc, size 0
  0xe474 SpecINTHandler: local reloc, size 0
  0xe47d CharToSIO_0: local reloc, size 0
  0xe493 incInPointer: local reloc, size 0
  0xe4a1 incOutPointer: local reloc, size 0
  0xe4af InitSIO_0Ports: global reloc, size 0
  0xe4ba initSIOBInterrupt: global reloc, size 0
  0xe4c3 SIO_0INT: global reloc, size 0
  0xe4e4 writeSTRBelow: global reloc, size 0
  0xe4ee writeSTRBelow_CRLF: global reloc, size 0
  0xe4f8 puts_crlf: global reloc, size 0
  0xe500 PIO_Init: global reloc, size 0
  0xe521 CTC_CH1_Interrupt_Handler: global reloc, size 0
  0xe521 CTC_CH0_Interrupt_Handler: global reloc, size 0
  0xe535 CTC_CH3_Interrupt_Handler: global reloc, size 0
  0xe535 showtimeout: local reloc, size 0
  0xe535 CTC_CH2_Interrupt_Handler: global reloc, size 0
  0xe541 CTC_Init: global reloc, size 0
  0xe562 _IOI_end: global reloc, size 0
  0xe580 HC376S_CheckConnection: global reloc, size 0
  0xe5a4 connection_fail: local reloc, size 0
  0xe5ce connection_pass: local reloc, size 0
  0xe5d0 HC376S_ResetAll: global reloc, size 0
  0xe5e4 HC376S_setUSBMode: global reloc, size 0
  0xe60c NoUSBpres: local reloc, size 0
  0xe62a NoSDpres: local reloc, size 0
  0xe64c someUSBerror: local reloc, size 0
  0xe662 retNZ: local reloc, size 0
  0xe665 HC376S_setSDMode: global reloc, size 0
  0xe683 norespSD: local reloc, size 0
  0xe6a0 HC376S_diskConnectionStatus: global reloc, size 0
  0xe6dc HC376S_USBdiskMount: global reloc, size 0
  0xe72a HC376S_setFileName: global reloc, size 0
  0xe747 HC376S_fileOpen: global reloc, size 0
  0xe776 nxtFileOpen: local reloc, size 0
  0xe7c5 openNoFileName: local reloc, size 0
  0xe7e3 doEnumeration: local reloc, size 0
  0xe85e HC376S_fileClose: global reloc, size 0
  0xe899 HC376S_fileCreate: global reloc, size 0
  0xe900 HC376S_getFileSize: global reloc, size 0
  0xe948 endtest: local reloc, size 0
  0xe96e setBytesRead: local reloc, size 0
  0xe989 continueRead: local reloc, size 0
  0xe99b HC376S_fileRead: global reloc, size 0
  0xe9de endBlockRead: local reloc, size 0
  0xe9e0 setByteWrite: local reloc, size 0
  0xe9fa HC376S_fileWrite: global reloc, size 0
  0xea31 nextblockW: local reloc, size 0
  0xea7b lastBlock: local reloc, size 0
  0xea92 endBlockWrite: local reloc, size 0
  0xea93 HC376S_fileDelete: global reloc, size 0
  0xeacb getResponseFromUSB: global reloc, size 0
  0xead3 noresp: local reloc, size 0
  0xead4 delay_D0_ms: global reloc, size 0
  0xead4 waitForResponse: local reloc, size 0
  0xeae2 beginUART: local reloc, size 0
  0xeaed outByte367S: local reloc, size 0
  0xeafb delay1s: global reloc, size 0
  0xeb02 delay500ms: global reloc, size 0
  0xeb09 delay350ms: local reloc, size 0
  0xeb10 delay250ms: local reloc, size 0
  0xeb17 delay200ms: global reloc, size 0
  0xeb1e delay100ms: global reloc, size 0
  0xeb25 delay50ms: global reloc, size 0
  0xeb2c delay20ms: global reloc, size 0
  0xeb33 delay10ms: global reloc, size 0
  0xeb3a delay5ms: global reloc, size 0
  0xeb41 delay2ms: local reloc, size 0
  0xeb48 delay1ms: global reloc, size 0
  0xeb4f delay500us: local reloc, size 0
  0xeb56 delay200us: local reloc, size 0
  0xeb5d delay100us: global reloc, size 0
  0xeb64 CTC_Delay: local reloc, size 0
  0xeb79 resDelayFlag: local reloc, size 0
  0xeb7f CTC_delay_INT_handler: global reloc, size 0
  0xeb8c _USB_end: global reloc, size 0
  0xeb8c blockend_USB: global reloc, size 0
  0xeb8c blockstart_USB: global reloc, size 0
  0xeba0 _LCD_END: global reloc, size 0
  0xeba0 RX_CR: local reloc, size 0
  0xeba0 RAM_Start: global reloc, size 0
  0xeba3 RX_BS: local reloc, size 0
  0xeba6 EO_CH_AV: local reloc, size 0
  0xebad SPEC_RX_CONDITON: local reloc, size 0
  0xebb0 doImportXMODEM: global reloc, size 0
  0xebfc nextC: local reloc, size 0
  0xebfd nextBlock: local reloc, size 0
  0xec45 blockFinished: local reloc, size 0
  0xec4f receiveBlockIn: local reloc, size 0
  0xec62 checkByte01: local reloc, size 0
  0xec70 Er01_: local reloc, size 0
  0xec74 Er02_: local reloc, size 0
  0xec78 Er03_: local reloc, size 0
  0xec7c Er04_: local reloc, size 0
  0xec80 checkBlockNum: local reloc, size 0
  0xec8c checkComplBlockNum: local reloc, size 0
  0xec99 getBlockData: local reloc, size 0
  0xeca5 checkBlockChecksum: local reloc, size 0
  0xeccc retBlockComplete: local reloc, size 0
  0xecd0 restoreSIO_0IO: local reloc, size 0
  0xece0 exitRecBlock: local reloc, size 0
  0xed07 timeOutErr: local reloc, size 0
  0xed2e blockErrors1_3: local reloc, size 0
  0xed65 retry9Err: local reloc, size 0
  0xed90 checkSumErr: local reloc, size 0
  0xeda9 CRC16: global reloc, size 0
  0xedac bytelp: local reloc, size 0
  0xedb1 rotlp: local reloc, size 0
  0xedbf clear: local reloc, size 0
  0xedcd _XMODEM_end: global reloc, size 0
  0xede0 BitCounter: local reloc, size 0
  0xede1 Value: local reloc, size 0
  0xede2 Direction: local reloc, size 0
  0xede3 Start: local reloc, size 0
  0xedf5 TxLoop: local reloc, size 0
  0xedfa GoDown: local reloc, size 0
  0xee06 GD2: local reloc, size 0
  0xee0c GoUp: local reloc, size 0
  0xee19 GU2: local reloc, size 0
  0xee1d SendIt: local reloc, size 0
  0xee3a I2CTxByte: local reloc, size 0
  0xee40 I2CNextBit: local reloc, size 0
  0xee44 SendHigh: local reloc, size 0
  0xee4c setup: local reloc, size 0
  0xee56 SendLow: local reloc, size 0
  0xee63 I2CTxCont: local reloc, size 0
  0xee70 I2CAckPoll: local reloc, size 0
  0xee91 I2CNoAck: local reloc, size 0
  0xee9c I2CStartBit: local reloc, size 0
  0xeea7 I2CStopBit: local reloc, size 0
  0xeeb4 I2CSetupDelay: local reloc, size 0
  0xeeb7 I2CBitDelay: local reloc, size 0
  0xeebd _I2C_end: global reloc, size 0
  0xeec0 _SD_SPI_end: global reloc, size 0
  0xf000 Heap: local abs, size 0
  0xf000 Heap: local abs, size 0
  0xf000 Heap: local abs, size 0
  0xf000 Heap: local abs, size 0
  0xf000 Heap: local abs, size 0
  0xf000 Heap: local abs, size 0
  0xf000 Heap: local abs, size 0
  0xf1d0 PIO_B_value: local abs, size 0
  0xf1d0 PIO_B_value: local abs, size 0
  0xf1d0 PIO_B_value: local abs, size 0
  0xf1d0 PIO_B_value: local abs, size 0
  0xf1d0 PIO_B_value: local abs, size 0
  0xf1d0 PIO_B_value: local abs, size 0
  0xf1d0 PIO_B_value: local abs, size 0
  0xf1f0 Result_NumToHex: local abs, size 0
  0xf1f0 Result_NumToHex: local abs, size 0
  0xf1f0 Result_NumToHex: local abs, size 0
  0xf1f0 Result_NumToHex: local abs, size 0
  0xf1f0 Result_NumToHex: local abs, size 0
  0xf1f0 Result_NumToHex: local abs, size 0
  0xf1f0 Result_NumToHex: local abs, size 0
  0xf400 SIO_USB_WR_Vec: local abs, size 0
  0xf400 Interupt_vector: local abs, size 0
  0xf400 SIO_Int_Vec: local abs, size 0
  0xf400 SIO_USB_WR_Vec: local abs, size 0
  0xf400 Interupt_vector: local abs, size 0
  0xf400 SIO_Int_Vec: local abs, size 0
  0xf400 SIO_USB_WR_Vec: local abs, size 0
  0xf400 Interupt_vector: local abs, size 0
  0xf400 SIO_Int_Vec: local abs, size 0
  0xf400 SIO_USB_WR_Vec: local abs, size 0
  0xf400 Interupt_vector: local abs, size 0
  0xf400 SIO_Int_Vec: local abs, size 0
  0xf400 SIO_USB_WR_Vec: local abs, size 0
  0xf400 Interupt_vector: local abs, size 0
  0xf400 SIO_Int_Vec: local abs, size 0
  0xf400 SIO_USB_WR_Vec: local abs, size 0
  0xf400 Interupt_vector: local abs, size 0
  0xf400 SIO_Int_Vec: local abs, size 0
  0xf400 SIO_USB_WR_Vec: local abs, size 0
  0xf400 Interupt_vector: local abs, size 0
  0xf400 SIO_Int_Vec: local abs, size 0
  0xf402 SIO_USB_EXT_Vec: local abs, size 0
  0xf402 SIO_USB_EXT_Vec: local abs, size 0
  0xf402 SIO_USB_EXT_Vec: local abs, size 0
  0xf402 SIO_USB_EXT_Vec: local abs, size 0
  0xf402 SIO_USB_EXT_Vec: local abs, size 0
  0xf402 SIO_USB_EXT_Vec: local abs, size 0
  0xf402 SIO_USB_EXT_Vec: local abs, size 0
  0xf404 SIO_USB_Read_Vec: local abs, size 0
  0xf404 SIO_USB_Read_Vec: local abs, size 0
  0xf404 SIO_USB_Read_Vec: local abs, size 0
  0xf404 SIO_USB_Read_Vec: local abs, size 0
  0xf404 SIO_USB_Read_Vec: local abs, size 0
  0xf404 SIO_USB_Read_Vec: local abs, size 0
  0xf404 SIO_USB_Read_Vec: local abs, size 0
  0xf406 SIO_USB_Spec_Vec: local abs, size 0
  0xf406 SIO_USB_Spec_Vec: local abs, size 0
  0xf406 SIO_USB_Spec_Vec: local abs, size 0
  0xf406 SIO_USB_Spec_Vec: local abs, size 0
  0xf406 SIO_USB_Spec_Vec: local abs, size 0
  0xf406 SIO_USB_Spec_Vec: local abs, size 0
  0xf406 SIO_USB_Spec_Vec: local abs, size 0
  0xf408 SIO_Int_WR_Vec: local abs, size 0
  0xf408 SIO_Int_WR_Vec: local abs, size 0
  0xf408 SIO_Int_WR_Vec: local abs, size 0
  0xf408 SIO_Int_WR_Vec: local abs, size 0
  0xf408 SIO_Int_WR_Vec: local abs, size 0
  0xf408 SIO_Int_WR_Vec: local abs, size 0
  0xf408 SIO_Int_WR_Vec: local abs, size 0
  0xf40a SIO_Int_EXT_Vec: local abs, size 0
  0xf40a SIO_Int_EXT_Vec: local abs, size 0
  0xf40a SIO_Int_EXT_Vec: local abs, size 0
  0xf40a SIO_Int_EXT_Vec: local abs, size 0
  0xf40a SIO_Int_EXT_Vec: local abs, size 0
  0xf40a SIO_Int_EXT_Vec: local abs, size 0
  0xf40a SIO_Int_EXT_Vec: local abs, size 0
  0xf40c SIO_Int_Read_Vec: local abs, size 0
  0xf40c SIO_Int_Read_Vec: local abs, size 0
  0xf40c SIO_Int_Read_Vec: local abs, size 0
  0xf40c SIO_Int_Read_Vec: local abs, size 0
  0xf40c SIO_Int_Read_Vec: local abs, size 0
  0xf40c SIO_Int_Read_Vec: local abs, size 0
  0xf40c SIO_Int_Read_Vec: local abs, size 0
  0xf40e SIO_Int_Spec_Vec: local abs, size 0
  0xf40e SIO_Int_Spec_Vec: local abs, size 0
  0xf40e SIO_Int_Spec_Vec: local abs, size 0
  0xf40e SIO_Int_Spec_Vec: local abs, size 0
  0xf40e SIO_Int_Spec_Vec: local abs, size 0
  0xf40e SIO_Int_Spec_Vec: local abs, size 0
  0xf40e SIO_Int_Spec_Vec: local abs, size 0
  0xf410 CTC_CH0_I_Vector: local abs, size 0
  0xf410 CTC_CH0_I_Vector: local abs, size 0
  0xf410 CTC_CH0_I_Vector: local abs, size 0
  0xf410 CTC_CH0_I_Vector: local abs, size 0
  0xf410 CTC_CH0_I_Vector: local abs, size 0
  0xf410 CTC_CH0_I_Vector: local abs, size 0
  0xf410 CTC_CH0_I_Vector: local abs, size 0
  0xf412 CTC_CH1_I_Vector: local abs, size 0
  0xf412 CTC_CH1_I_Vector: local abs, size 0
  0xf412 CTC_CH1_I_Vector: local abs, size 0
  0xf412 CTC_CH1_I_Vector: local abs, size 0
  0xf412 CTC_CH1_I_Vector: local abs, size 0
  0xf412 CTC_CH1_I_Vector: local abs, size 0
  0xf412 CTC_CH1_I_Vector: local abs, size 0
  0xf414 CTC_CH2_I_Vector: local abs, size 0
  0xf414 CTC_CH2_I_Vector: local abs, size 0
  0xf414 CTC_CH2_I_Vector: local abs, size 0
  0xf414 CTC_CH2_I_Vector: local abs, size 0
  0xf414 CTC_CH2_I_Vector: local abs, size 0
  0xf414 CTC_CH2_I_Vector: local abs, size 0
  0xf414 CTC_CH2_I_Vector: local abs, size 0
  0xf416 CTC_CH3_I_Vector: local abs, size 0
  0xf416 CTC_CH3_I_Vector: local abs, size 0
  0xf416 CTC_CH3_I_Vector: local abs, size 0
  0xf416 CTC_CH3_I_Vector: local abs, size 0
  0xf416 CTC_CH3_I_Vector: local abs, size 0
  0xf416 CTC_CH3_I_Vector: local abs, size 0
  0xf416 CTC_CH3_I_Vector: local abs, size 0
  0xfff0 stacktop: local abs, size 0
  0xfff0 stacktop: local abs, size 0
  0xfff0 stacktop: local abs, size 0
  0xfff0 stacktop: local abs, size 0
  0xfff0 stacktop: local abs, size 0
  0xfff0 stacktop: local abs, size 0
  0xfff0 stacktop: local abs, size 0

Linker symbols:
  0x8000 sram: global abs, size 0
  0x0000 flash: global abs, size 0
  0xd000 _RAMSTART: global abs, size 0
  0x0000 _Z80PIO_Base: global abs, size 0
  0x0010 _Z80CTC_Base: global abs, size 0
  0x0020 _Z80SIO_Base: global abs, size 0
  0x0030 _Z80_BankCS: global abs, size 0
  0x0050 _CE_RST_BANK: global abs, size 0
  0xf000 SRAM_VAR_START: global abs, size 0
  0x0ff0 HEAP_SIZE: global abs, size 0
  0x0040 Textbufsize: global abs, size 0
  0xf000 Textbuf: global abs, size 0
  0xf040 S1x: global abs, size 0
  0xf080 commParseTable: global abs, size 0
  0xf084 commAdr1: global abs, size 0
  0xf088 commAdr2: global abs, size 0
  0xf090 commLvl1: global abs, size 0
  0xf0a0 commLvl2: global abs, size 0
  0xf0b0 commStr1: global abs, size 0
  0xf0d8 commStr2: global abs, size 0
  0xf100 T_BUFFER: global abs, size 0
  0xf120 SP_value: global abs, size 0
  0xf124 reg16_value: global abs, size 0
  0xf12a PCvalue: global abs, size 0
  0xf12c PCinpFlag: global abs, size 0
  0xf12e generalFlags: global abs, size 0
  0x0064 bufferSize: global abs, size 0
  0xf130 inBuffer: global abs, size 0
  0xf194 inBufferEnd: global abs, size 0
  0xf196 inbufferDeactivate: global abs, size 0
  0xf198 memBankID: global abs, size 0
  0xf199 rstBankID: global abs, size 0
  0xf19a inHeadAdr: global abs, size 0
  0xf19c inTailAdr: global abs, size 0
  0xf19e inBufCount: global abs, size 0
  0xf1a0 outHeadAdr: global abs, size 0
  0xf1a2 outTailAdr: global abs, size 0
  0xf1a4 OutBufCount: global abs, size 0
  0xf1a6 OutINTExpect: global abs, size 0
  0xf1a8 XBAddr: global abs, size 0
  0xf1aa XMChkSum: global abs, size 0
  0xf1b1 TempVar1: global abs, size 0
  0xf1b2 TempVar2: global abs, size 0
  0xf1b4 TempVar4: global abs, size 0
  0xf1b5 TempVar5: global abs, size 0
  0xf1ba CTCdelayFlag: global abs, size 0
  0xf1bc packLen: global abs, size 0
  0xf1be charLen: global abs, size 0
  0xf1c0 sdWRpointer: global abs, size 0
  0x00f0 outBufferSize: global abs, size 0
  0xf200 outBuffer: global abs, size 0
  0xf2f0 endOutBuffer: global abs, size 0
  0x0048 list_len: global abs, size 0
  0xf300 Comm_Ptr_list: global abs, size 0
  0xeec0 _end: global abs, size 0
